<html>
<body>
<pre>
<h1>礦ision Build Log</h1>
<h2>Tool Versions:</h2>
IDE-Version: μVision V5.27.1.0
Copyright (C) 2019 ARM Ltd and ARM Germany GmbH. All rights reserved.
License Information: 1 1, 1, LIC=UJWP0-BZZFF-DY7V3-AMNEB-2ZWP6-TBWQ2
 
Tool Versions:
Toolchain:       MDK-ARM Plus  Version: 5.27.1.0
Toolchain Path:  D:\Keil_v5\ARM\ARMCC\Bin
C Compiler:      Armcc.exe V5.06 update 6 (build 750)
Assembler:       Armasm.exe V5.06 update 6 (build 750)
Linker/Locator:  ArmLink.exe V5.06 update 6 (build 750)
Library Manager: ArmAr.exe V5.06 update 6 (build 750)
Hex Converter:   FromElf.exe V5.06 update 6 (build 750)
CPU DLL:         SARMCM3.DLL V5.27.1.0
Dialog DLL:      DARMCM1.DLL V1.19.2.0
Target DLL:      Segger\JL2CM3.dll V2.99.2.0
Dialog DLL:      TARMCM1.DLL V1.14.1.0
 
<h2>Project:</h2>
D:\github\automatic\code\MDK-ARM\FM33LC0XX_Detector.uvprojx
Project File Date:  11/02/2020

<h2>Output:</h2>
*** Using Compiler 'V5.06 update 6 (build 750)', folder: 'D:\Keil_v5\ARM\ARMCC\Bin'
Rebuild target 'release'
compiling task_manage.c...
compiling task_user.c...
compiling power_manage.c...
compiling Protocal.c...
compiling main.c...
compiling up_comming.c...
compiling App_process.c...
compiling crc.c...
compiling interrupt.c...
compiling uart.c...
compiling user_init.c...
compiling file_bootload.c...
compiling flash.c...
compiling drv_rtc.c...
compiling drv_nbmodule.c...
compiling fm33lc0xx_ll_adc.c...
compiling fm33lc0xx_ll_aes.c...
compiling timer.c...
compiling IRDA_Device.c...
compiling lpuart.c...
compiling general.c...
compiling aes.c...
compiling fm33lc0xx_ll_bstim.c...
compiling fm33lc0xx_ll_atim.c...
compiling fm33lc0xx_ll_comp.c...
compiling fm33lc0xx_ll_crc.c...
compiling fm33lc0xx_ll_gpio.c...
compiling fm33lc0xx_ll_flash.c...
compiling fm33lc0xx_ll_dma.c...
compiling fm33lc0xx_ll_hdiv.c...
compiling fm33lc0xx_ll_i2c.c...
compiling fm33lc0xx_ll_iwdt.c...
compiling fm33lc0xx_ll_gptim.c...
compiling fm33lc0xx_ll_lpuart.c...
compiling fm33lc0xx_ll_lptim.c...
compiling fm33lc0xx_ll_lcd.c...
compiling fm33lc0xx_ll_opa.c...
compiling fm33lc0xx_ll_rng.c...
compiling fm33lc0xx_ll_rcc.c...
compiling fm33lc0xx_ll_pmu.c...
compiling fm33lc0xx_ll_rtc.c...
compiling fm33lc0xx_ll_spi.c...
compiling fm33lc0xx_ll_svd.c...
assembling startup_fm33lc0xx.s...
compiling fm33lc0xx_ll_u7816.c...
compiling fm33lc0xx_ll_wwdt.c...
compiling system_fm33lc0xx.c...
compiling fm33lc0xx_ll_uart.c...
compiling mf_config.c...
compiling bsp.c...
linking...
Program Size: Code=32848 RO-data=908 RW-data=556 ZI-data=6572  
FromELF: creating hex file...
After Build - User command #1: MakeFireWare.bat 0x00004000 FM33XX_Detector
D:\github\automatic\code\MDK-ARM>set NAME_PRJ=FM33XX_Detector 
D:\github\automatic\code\MDK-ARM>set "FILE_HEX_SRC=FM33XX_Detector.hex" 
D:\github\automatic\code\MDK-ARM>set "FILE_OUT_HEX_LEN=FM33XX_Detector_len.hex" 
D:\github\automatic\code\MDK-ARM>set "FILE_OUT_BIN_TEMP=FM33XX_Detector_temp.bin" 
D:\github\automatic\code\MDK-ARM>set "FILE_OUT_BIN=FM33XX_Detector.bin" 
D:\github\automatic\code\MDK-ARM>set "FILE_OUT_HEX_BOOT=FM33XX_Detector_With_BootLoader.hex" 
D:\github\automatic\code\MDK-ARM>copy /b ..\..\bootloader\MDK-ARM\Objects\FM33XX_bootload.hex BootLoader.hex 
已复制         1 个文件。
D:\github\automatic\code\MDK-ARM>copy /b .\Release\Objects\FM33XX_Detector.hex FM33XX_Detector.hex 
已复制         1 个文件。
D:\github\automatic\code\MDK-ARM>srec_cat FM33XX_Detector.hex -intel -fill 0xFF -over FM33XX_Detector.hex -intel -o FM33XX_Detector_len.hex  -intel -obs=16 
D:\github\automatic\code\MDK-ARM>srec_cat FM33XX_Detector_len.hex -intel -offset -0x00004000 -o FM33XX_Detector_temp.bin -binary 
D:\github\automatic\code\MDK-ARM>iaptool FM33XX_Detector_temp.bin FM33XX_Detector.bin 
CRC16：6335
D:\github\automatic\code\MDK-ARM>srec_cat BootLoader.hex -intel FM33XX_Detector.hex -intel -o FM33XX_Detector_With_BootLoader.hex -intel -obs=16 
D:\github\automatic\code\MDK-ARM>copy /b FM33XX_Detector_With_BootLoader.hex D:\automatic\code 
已复制         1 个文件。
D:\github\automatic\code\MDK-ARM>if not exist .\UserFile\ md .\UserFile\ 
D:\github\automatic\code\MDK-ARM>copy /b FM33XX_Detector.hex .\UserFile\FM33XX_Detector.hex 
已复制         1 个文件。
D:\github\automatic\code\MDK-ARM>copy /b FM33XX_Detector_With_BootLoader.hex .\UserFile\FM33XX_Detector_With_BootLoader.hex  
已复制         1 个文件。
D:\github\automatic\code\MDK-ARM>copy /b FM33XX_Detector.bin .\UserFile\FM33XX_Detector.bin 
已复制         1 个文件。
D:\github\automatic\code\MDK-ARM>del BootLoader.hex  
D:\github\automatic\code\MDK-ARM>del FM33XX_Detector.hex 
D:\github\automatic\code\MDK-ARM>del FM33XX_Detector_len.hex 
D:\github\automatic\code\MDK-ARM>del FM33XX_Detector_temp.bin 
D:\github\automatic\code\MDK-ARM>del FM33XX_Detector.bin 
D:\github\automatic\code\MDK-ARM>del FM33XX_Detector_With_BootLoader.hex 
".\release\Objects\FM33XX_Detector.axf" - 0 Error(s), 0 Warning(s).

<h2>Software Packages used:</h2>

Package Vendor: Keil
                
                Keil.FM33LC0XX_DFP.1.0.4
                FMSH ARM Cortex-M0 Device Family Pack

<h2>Collection of Component include folders:</h2>
  .\RTE\_release

<h2>Collection of Component Files used:</h2>
Build Time Elapsed:  00:00:13
</pre>
</body>
</html>
