Component: ARM Compiler 5.06 update 6 (build 750) Tool: armlink [4d35ed]

==============================================================================

Section Cross References

    main.o(i.IWDT_Init) refers to fm33lc0xx_ll_iwdt.o(i.LL_IWDT_Init) for LL_IWDT_Init
    main.o(i.main) refers to mf_config.o(i.MF_Clock_Init) for MF_Clock_Init
    main.o(i.main) refers to mf_config.o(i.MF_SystemClock_Config) for MF_SystemClock_Config
    main.o(i.main) refers to mf_config.o(i.MF_Config_Init) for MF_Config_Init
    main.o(i.main) refers to main.o(i.IWDT_Init) for IWDT_Init
    main.o(i.main) refers to user_init.o(i.UserInit) for UserInit
    main.o(i.main) refers to power_manage.o(i.Init_SVD) for Init_SVD
    main.o(i.main) refers to app_process.o(i.Flash_Read) for Flash_Read
    main.o(i.main) refers to uart.o(i.print) for print
    main.o(i.main) refers to up_comming.o(i.StartUp) for StartUp
    main.o(i.main) refers to task_manage.o(i.task_start) for task_start
    main.o(i.main) refers to task_manage.o(i.task_schedule) for task_schedule
    main.o(i.main) refers to app_process.o(i.EnterSleep) for EnterSleep
    main.o(i.main) refers to main.o(i.running) for running
    main.o(i.running) refers to task_manage.o(i.task_stop) for task_stop
    up_comming.o(i.Check_UpTime) refers to drv_rtc.o(i.RTC_GetTime) for RTC_GetTime
    up_comming.o(i.Check_UpTime) refers to rt_memcpy.o(.text) for __aeabi_memcpy
    up_comming.o(i.Check_UpTime) refers to up_comming.o(i.calculate_uptime) for calculate_uptime
    up_comming.o(i.Check_UpTime) refers to up_comming.o(i.StartUp) for StartUp
    up_comming.o(i.Check_UpTime) refers to up_comming.o(.data) for .data
    up_comming.o(i.Check_UpTime) refers to app_process.o(.data) for DeviceParam
    up_comming.o(i.DelayUp) refers to up_comming.o(i.StartUp) for StartUp
    up_comming.o(i.DelayUp) refers to task_manage.o(i.task_stop) for task_stop
    up_comming.o(i.DeviceUpComing_Process) refers to up_comming.o(i.__ARM_common_switch8) for __ARM_common_switch8
    up_comming.o(i.DeviceUpComing_Process) refers to rt_memclr.o(.text) for __aeabi_memclr
    up_comming.o(i.DeviceUpComing_Process) refers to task_manage.o(i.task_start) for task_start
    up_comming.o(i.DeviceUpComing_Process) refers to task_manage.o(i.task_reset) for task_reset
    up_comming.o(i.DeviceUpComing_Process) refers to up_comming.o(i.Set_UpProcess_UpState) for Set_UpProcess_UpState
    up_comming.o(i.DeviceUpComing_Process) refers to up_comming.o(i.Get_Report_Message) for Get_Report_Message
    up_comming.o(i.DeviceUpComing_Process) refers to task_manage.o(i.task_stop) for task_stop
    up_comming.o(i.DeviceUpComing_Process) refers to uart.o(i.print) for print
    up_comming.o(i.DeviceUpComing_Process) refers to app_process.o(i.CheckCodeToUp) for CheckCodeToUp
    up_comming.o(i.DeviceUpComing_Process) refers to up_comming.o(.data) for .data
    up_comming.o(i.DeviceUpComing_Process) refers to app_process.o(.data) for DeviceParam
    up_comming.o(i.DeviceUpComing_Process) refers to drv_nbmodule.o(.bss) for NBDevice
    up_comming.o(i.DeviceUpComing_Process) refers to drv_nbmodule.o(i.NBDeviceOverTime) for NBDeviceOverTime
    up_comming.o(i.DeviceUpComing_Process) refers to drv_nbmodule.o(i.Module_Power_manage) for Module_Power_manage
    up_comming.o(i.DeviceUpComing_Process) refers to up_comming.o(i.UpComing_Process_Overtime) for UpComing_Process_Overtime
    up_comming.o(i.DeviceUpComing_Process) refers to up_comming.o(i.DelayUp) for DelayUp
    up_comming.o(i.DeviceUpComing_Process) refers to drv_nbmodule.o(i.ATCmd_Process) for ATCmd_Process
    up_comming.o(i.Get_Report_Message) refers to protocal.o(i.Get_FrameData) for Get_FrameData
    up_comming.o(i.Get_Report_Message) refers to up_comming.o(.data) for .data
    up_comming.o(i.SendDataToSevice) refers to up_comming.o(i.StartUp) for StartUp
    up_comming.o(i.SendDataToSevice) refers to up_comming.o(.data) for .data
    up_comming.o(i.SendDataToSevice) refers to drv_nbmodule.o(.bss) for NBDevice
    up_comming.o(i.Set_UpProcess_UpState) refers to up_comming.o(.data) for .data
    up_comming.o(i.StartUp) refers to app_process.o(i.Check_Temprature_Data) for Check_Temprature_Data
    up_comming.o(i.StartUp) refers to task_manage.o(i.task_start) for task_start
    up_comming.o(i.StartUp) refers to up_comming.o(.data) for .data
    up_comming.o(i.StartUp) refers to up_comming.o(i.DeviceUpComing_Process) for DeviceUpComing_Process
    up_comming.o(i.UpComing_Process_Overtime) refers to up_comming.o(i.__ARM_common_switch8) for __ARM_common_switch8
    up_comming.o(i.UpComing_Process_Overtime) refers to uart.o(i.print) for print
    up_comming.o(i.UpComing_Process_Overtime) refers to up_comming.o(i.Set_UpProcess_UpState) for Set_UpProcess_UpState
    up_comming.o(i.UpComing_Process_Overtime) refers to task_manage.o(i.task_stop) for task_stop
    up_comming.o(i.UpComing_Process_Overtime) refers to up_comming.o(.data) for .data
[...]
    __scatterload_null                       0x000040d9   Thumb Code     0  __scatter.o(!!!scatter)
    __scatterload_zeroinit                   0x00004105   Thumb Code    28  __scatter_zi.o(!!handler_zi)
    _printf_percent                          0x00004121   Thumb Code     0  _printf_percent.o(.ARM.Collect$$_printf_percent$$00000000)
    _printf_n                                0x00004123   Thumb Code     0  _printf_n.o(.ARM.Collect$$_printf_percent$$00000001)
    _printf_p                                0x0000412d   Thumb Code     0  _printf_p.o(.ARM.Collect$$_printf_percent$$00000002)
    _printf_f                                0x00004137   Thumb Code     0  _printf_f.o(.ARM.Collect$$_printf_percent$$00000003)
    _printf_e                                0x00004141   Thumb Code     0  _printf_e.o(.ARM.Collect$$_printf_percent$$00000004)
    _printf_g                                0x0000414b   Thumb Code     0  _printf_g.o(.ARM.Collect$$_printf_percent$$00000005)
    _printf_a                                0x00004155   Thumb Code     0  _printf_a.o(.ARM.Collect$$_printf_percent$$00000006)
    _printf_ll                               0x0000415f   Thumb Code     0  _printf_ll.o(.ARM.Collect$$_printf_percent$$00000007)
    _printf_i                                0x00004169   Thumb Code     0  _printf_i.o(.ARM.Collect$$_printf_percent$$00000008)
    _printf_d                                0x00004173   Thumb Code     0  _printf_d.o(.ARM.Collect$$_printf_percent$$00000009)
    _printf_u                                0x0000417d   Thumb Code     0  _printf_u.o(.ARM.Collect$$_printf_percent$$0000000A)
    _printf_o                                0x00004187   Thumb Code     0  _printf_o.o(.ARM.Collect$$_printf_percent$$0000000B)
    _printf_x                                0x00004191   Thumb Code     0  _printf_x.o(.ARM.Collect$$_printf_percent$$0000000C)
    _printf_lli                              0x0000419b   Thumb Code     0  _printf_lli.o(.ARM.Collect$$_printf_percent$$0000000D)
    _printf_lld                              0x000041a5   Thumb Code     0  _printf_lld.o(.ARM.Collect$$_printf_percent$$0000000E)
    _printf_llu                              0x000041af   Thumb Code     0  _printf_llu.o(.ARM.Collect$$_printf_percent$$0000000F)
    _printf_llo                              0x000041b9   Thumb Code     0  _printf_llo.o(.ARM.Collect$$_printf_percent$$00000010)
    _printf_llx                              0x000041c3   Thumb Code     0  _printf_llx.o(.ARM.Collect$$_printf_percent$$00000011)
    _printf_l                                0x000041cd   Thumb Code     0  _printf_l.o(.ARM.Collect$$_printf_percent$$00000012)
    _printf_c                                0x000041d7   Thumb Code     0  _printf_c.o(.ARM.Collect$$_printf_percent$$00000013)
    _printf_s                                0x000041e1   Thumb Code     0  _printf_s.o(.ARM.Collect$$_printf_percent$$00000014)
    _printf_lc                               0x000041eb   Thumb Code     0  _printf_lc.o(.ARM.Collect$$_printf_percent$$00000015)
    _printf_ls                               0x000041f5   Thumb Code     0  _printf_ls.o(.ARM.Collect$$_printf_percent$$00000016)
    _printf_percent_end                      0x000041ff   Thumb Code     0  _printf_percent_end.o(.ARM.Collect$$_printf_percent$$00000017)
    __rt_lib_init                            0x00004203   Thumb Code     0  libinit.o(.ARM.Collect$$libinit$$00000000)
    __rt_lib_init_fp_1                       0x00004205   Thumb Code     0  libinit2.o(.ARM.Collect$$libinit$$00000002)
    __rt_lib_init_heap_1                     0x00004205   Thumb Code     0  libinit2.o(.ARM.Collect$$libinit$$0000000A)
    __rt_lib_init_lc_common                  0x00004205   Thumb Code     0  libinit2.o(.ARM.Collect$$libinit$$0000000F)
    __rt_lib_init_preinit_1                  0x00004205   Thumb Code     0  libinit2.o(.ARM.Collect$$libinit$$00000004)
    __rt_lib_init_rand_1                     0x00004205   Thumb Code     0  libinit2.o(.ARM.Collect$$libinit$$0000000E)
    __rt_lib_init_user_alloc_1               0x00004205   Thumb Code     0  libinit2.o(.ARM.Collect$$libinit$$0000000C)
    __rt_lib_init_lc_collate_1               0x0000420b   Thumb Code     0  libinit2.o(.ARM.Collect$$libinit$$00000011)
    __rt_lib_init_lc_ctype_2                 0x0000420b   Thumb Code     0  libinit2.o(.ARM.Collect$$libinit$$00000012)
    __rt_lib_init_lc_ctype_1                 0x00004217   Thumb Code     0  libinit2.o(.ARM.Collect$$libinit$$00000013)
    __rt_lib_init_lc_monetary_1              0x00004217   Thumb Code     0  libinit2.o(.ARM.Collect$$libinit$$00000015)
    __rt_lib_init_lc_numeric_2               0x00004217   Thumb Code     0  libinit2.o(.ARM.Collect$$libinit$$00000016)
    __rt_lib_init_alloca_1                   0x00004221   Thumb Code     0  libinit2.o(.ARM.Collect$$libinit$$0000002E)
    __rt_lib_init_argv_1                     0x00004221   Thumb Code     0  libinit2.o(.ARM.Collect$$libinit$$0000002C)
    __rt_lib_init_atexit_1                   0x00004221   Thumb Code     0  libinit2.o(.ARM.Collect$$libinit$$0000001B)
    __rt_lib_init_clock_1                    0x00004221   Thumb Code     0  libinit2.o(.ARM.Collect$$libinit$$00000021)
    __rt_lib_init_cpp_1                      0x00004221   Thumb Code     0  libinit2.o(.ARM.Collect$$libinit$$00000032)
    __rt_lib_init_exceptions_1               0x00004221   Thumb Code     0  libinit2.o(.ARM.Collect$$libinit$$00000030)
    __rt_lib_init_fp_trap_1                  0x00004221   Thumb Code     0  libinit2.o(.ARM.Collect$$libinit$$0000001F)
    __rt_lib_init_getenv_1                   0x00004221   Thumb Code     0  libinit2.o(.ARM.Collect$$libinit$$00000023)
    __rt_lib_init_lc_numeric_1               0x00004221   Thumb Code     0  libinit2.o(.ARM.Collect$$libinit$$00000017)
    __rt_lib_init_lc_time_1                  0x00004221   Thumb Code     0  libinit2.o(.ARM.Collect$$libinit$$00000019)
    __rt_lib_init_return                     0x00004221   Thumb Code     0  libinit2.o(.ARM.Collect$$libinit$$00000033)
    __rt_lib_init_signal_1                   0x00004221   Thumb Code     0  libinit2.o(.ARM.Collect$$libinit$$0000001D)
    __rt_lib_init_stdio_1                    0x00004221   Thumb Code     0  libinit2.o(.ARM.Collect$$libinit$$00000025)
    __rt_lib_shutdown                        0x00004223   Thumb Code     0  libshutdown.o(.ARM.Collect$$libshutdown$$00000000)
    __rt_lib_shutdown_cpp_1                  0x00004225   Thumb Code     0  libshutdown2.o(.ARM.Collect$$libshutdown$$00000002)
    __rt_lib_shutdown_fp_trap_1              0x00004225   Thumb Code     0  libshutdown2.o(.ARM.Collect$$libshutdown$$00000007)
    __rt_lib_shutdown_heap_1                 0x00004225   Thumb Code     0  libshutdown2.o(.ARM.Collect$$libshutdown$$0000000F)
    __rt_lib_shutdown_return                 0x00004225   Thumb Code     0  libshutdown2.o(.ARM.Collect$$libshutdown$$00000010)
    __rt_lib_shutdown_signal_1               0x00004225   Thumb Code     0  libshutdown2.o(.ARM.Collect$$libshutdown$$0000000A)
    __rt_lib_shutdown_stdio_1                0x00004225   Thumb Code     0  libshutdown2.o(.ARM.Collect$$libshutdown$$00000004)
    __rt_lib_shutdown_user_alloc_1           0x00004225   Thumb Code     0  libshutdown2.o(.ARM.Collect$$libshutdown$$0000000C)
    __rt_entry                               0x00004227   Thumb Code     0  __rtentry.o(.ARM.Collect$$rtentry$$00000000)
    __rt_entry_presh_1                       0x00004227   Thumb Code     0  __rtentry2.o(.ARM.Collect$$rtentry$$00000002)
    __rt_entry_sh                            0x00004227   Thumb Code     0  __rtentry4.o(.ARM.Collect$$rtentry$$00000004)
    __rt_entry_li                            0x0000422d   Thumb Code     0  __rtentry2.o(.ARM.Collect$$rtentry$$0000000A)
    __rt_entry_postsh_1                      0x0000422d   Thumb Code     0  __rtentry2.o(.ARM.Collect$$rtentry$$00000009)
    __rt_entry_main                          0x00004231   Thumb Code     0  __rtentry2.o(.ARM.Collect$$rtentry$$0000000D)
    __rt_entry_postli_1                      0x00004231   Thumb Code     0  __rtentry2.o(.ARM.Collect$$rtentry$$0000000C)
    __rt_exit                                0x00004239   Thumb Code     0  rtexit.o(.ARM.Collect$$rtexit$$00000000)
    __rt_exit_ls                             0x0000423b   Thumb Code     0  rtexit2.o(.ARM.Collect$$rtexit$$00000003)
    __rt_exit_prels_1                        0x0000423b   Thumb Code     0  rtexit2.o(.ARM.Collect$$rtexit$$00000002)
    __rt_exit_exit                           0x0000423f   Thumb Code     0  rtexit2.o(.ARM.Collect$$rtexit$$00000004)
    __aeabi_memcpy4                          0x00004245   Thumb Code    56  rt_memcpy.o(.emb_text)
    __aeabi_memcpy8                          0x00004245   Thumb Code     0  rt_memcpy.o(.emb_text)
    Reset_Handler                            0x0000427d   Thumb Code     8  startup_fm33lc0xx.o(.text)
    HardFault_Handler                        0x00004287   Thumb Code     2  startup_fm33lc0xx.o(.text)
    SVC_Handler                              0x00004289   Thumb Code     2  startup_fm33lc0xx.o(.text)
    PendSV_Handler                           0x0000428b   Thumb Code     2  startup_fm33lc0xx.o(.text)
    SysTick_Handler                          0x0000428d   Thumb Code     2  startup_fm33lc0xx.o(.text)
    AES_IRQHandler                           0x0000428f   Thumb Code     0  startup_fm33lc0xx.o(.text)
    ATIM_IRQHandler                          0x0000428f   Thumb Code     0  startup_fm33lc0xx.o(.text)
    COMPx_IRQHandler                         0x0000428f   Thumb Code     0  startup_fm33lc0xx.o(.text)
    DMA_IRQHandler                           0x0000428f   Thumb Code     0  startup_fm33lc0xx.o(.text)
    FLASH_IRQHandler                         0x0000428f   Thumb Code     0  startup_fm33lc0xx.o(.text)
    GPTIM0_IRQHandler                        0x0000428f   Thumb Code     0  startup_fm33lc0xx.o(.text)
    GPTIM1_IRQHandler                        0x0000428f   Thumb Code     0  startup_fm33lc0xx.o(.text)
    HFDET_IRQHandler                         0x0000428f   Thumb Code     0  startup_fm33lc0xx.o(.text)
    I2C_IRQHandler                           0x0000428f   Thumb Code     0  startup_fm33lc0xx.o(.text)
    IWDT_IRQHandler                          0x0000428f   Thumb Code     0  startup_fm33lc0xx.o(.text)
    LCD_IRQHandler                           0x0000428f   Thumb Code     0  startup_fm33lc0xx.o(.text)
    OPAx_IRQHandler                          0x0000428f   Thumb Code     0  startup_fm33lc0xx.o(.text)
    SPI1_IRQHandler                          0x0000428f   Thumb Code     0  startup_fm33lc0xx.o(.text)
    SPI2_IRQHandler                          0x0000428f   Thumb Code     0  startup_fm33lc0xx.o(.text)
    U7816_IRQHandler                         0x0000428f   Thumb Code     0  startup_fm33lc0xx.o(.text)
    UART4_IRQHandler                         0x0000428f   Thumb Code     0  startup_fm33lc0xx.o(.text)
    UART5_IRQHandler                         0x0000428f   Thumb Code     0  startup_fm33lc0xx.o(.text)
    USB_IRQHandler                           0x0000428f   Thumb Code     0  startup_fm33lc0xx.o(.text)
    VREF_IRQHandler                          0x0000428f   Thumb Code     0  startup_fm33lc0xx.o(.text)
    WKUP_IRQHandler                          0x0000428f   Thumb Code     0  startup_fm33lc0xx.o(.text)
    WWDT_IRQHandler                          0x0000428f   Thumb Code     0  startup_fm33lc0xx.o(.text)
    __user_initial_stackheap                 0x00004291   Thumb Code     0  startup_fm33lc0xx.o(.text)
    __aeabi_lmul                             0x000042b5   Thumb Code    48  llmul.o(.text)
    _ll_mul                                  0x000042b5   Thumb Code     0  llmul.o(.text)
    __aeabi_uldivmod                         0x000042e5   Thumb Code   258  lludiv.o(.text)
    _ll_udiv                                 0x000042e5   Thumb Code     0  lludiv.o(.text)
    vsnprintf                                0x000043e9   Thumb Code    50  vsnprintf.o(.text)
    __2sprintf                               0x00004421   Thumb Code    40  __2sprintf.o(.text)
    _printf_truncate_signed                  0x0000444d   Thumb Code    18  _printf_truncate.o(.text)
    _printf_truncate_unsigned                0x0000445f   Thumb Code    18  _printf_truncate.o(.text)
    _printf_str                              0x00004471   Thumb Code    82  _printf_str.o(.text)
    _printf_int_dec                          0x000044c5   Thumb Code    90  _printf_dec.o(.text)
    __printf                                 0x00004531   Thumb Code   386  __printf_flags_ss_wp.o(.text)
    __0sscanf                                0x000046b9   Thumb Code    54  __0sscanf.o(.text)
    _scanf_int                               0x000046f9   Thumb Code   330  _scanf_int.o(.text)
    _scanf_string                            0x00004843   Thumb Code   232  _scanf_str.o(.text)
    memcmp                                   0x0000492b   Thumb Code    90  memcmp.o(.text)
    strlen                                   0x00004985   Thumb Code    62  strlen.o(.text)
    __aeabi_memcpy                           0x000049c9   Thumb Code   130  rt_memcpy.o(.text)
    __rt_memcpy                              0x000049c9   Thumb Code     0  rt_memcpy.o(.text)
    _memset_w                                0x00004a4b   Thumb Code    26  rt_memclr.o(.text)
    _memset                                  0x00004a65   Thumb Code    30  rt_memclr.o(.text)
    __aeabi_memclr                           0x00004a83   Thumb Code     4  rt_memclr.o(.text)
    __rt_memclr                              0x00004a83   Thumb Code     0  rt_memclr.o(.text)
    __aeabi_memclr4                          0x00004a87   Thumb Code     0  rt_memclr.o(.text)
    __aeabi_memclr8                          0x00004a87   Thumb Code     0  rt_memclr.o(.text)
    __rt_memclr_w                            0x00004a87   Thumb Code     4  rt_memclr.o(.text)
    __aeabi_uread4                           0x00004a8b   Thumb Code    34  uread4.o(.text)
    __rt_uread4                              0x00004a8b   Thumb Code     0  uread4.o(.text)
    __aeabi_uwrite4                          0x00004aad   Thumb Code    16  uwrite4.o(.text)
    __rt_uwrite4                             0x00004aad   Thumb Code     0  uwrite4.o(.text)
    __aeabi_uidiv                            0x00004abd   Thumb Code     0  aeabi_sdiv.o(.text)
    __aeabi_uidivmod                         0x00004abd   Thumb Code    20  aeabi_sdiv.o(.text)
    __aeabi_idiv                             0x00004ad1   Thumb Code     0  aeabi_sdiv.o(.text)
    __aeabi_idivmod                          0x00004ad1   Thumb Code   326  aeabi_sdiv.o(.text)
    __use_two_region_memory                  0x00004c17   Thumb Code     2  heapauxi.o(.text)
    __rt_heap_escrow$2region                 0x00004c19   Thumb Code     2  heapauxi.o(.text)
    __rt_heap_expand$2region                 0x00004c1b   Thumb Code     2  heapauxi.o(.text)
    __aeabi_d2f                              0x00004c1d   Thumb Code     0  d2f.o(.text)
    _d2f                                     0x00004c1d   Thumb Code   120  d2f.o(.text)
    __aeabi_dadd                             0x00004f91   Thumb Code     0  daddsub.o(.text)
    _dadd                                    0x00004f91   Thumb Code    26  daddsub.o(.text)
    __aeabi_dsub                             0x00004fab   Thumb Code     0  daddsub.o(.text)
    _dsub                                    0x00004fab   Thumb Code    22  daddsub.o(.text)
    __aeabi_drsub                            0x00004fc1   Thumb Code     0  daddsub.o(.text)
    _drsb                                    0x00004fc1   Thumb Code    28  daddsub.o(.text)
    __aeabi_ddiv                             0x00004ff1   Thumb Code     0  ddiv.o(.text)
    _ddiv                                    0x00004ff1   Thumb Code  1072  ddiv.o(.text)
    _drdiv                                   0x00005421   Thumb Code    20  ddiv.o(.text)
    __aeabi_i2d_normalise                    0x00005439   Thumb Code    66  dflti.o(.text)
    __aeabi_i2d                              0x0000547b   Thumb Code    16  dflti.o(.text)
    _dflt                                    0x0000547b   Thumb Code     0  dflti.o(.text)
    __aeabi_ui2d                             0x0000548b   Thumb Code     6  dflti.o(.text)
    _dfltu                                   0x0000548b   Thumb Code     0  dflti.o(.text)
    __aeabi_l2d_normalise                    0x00005491   Thumb Code   104  dfltl.o(.text)
    __aeabi_l2d                              0x000054f9   Thumb Code    20  dfltl.o(.text)
    _ll_sto_d                                0x000054f9   Thumb Code     0  dfltl.o(.text)
    __aeabi_ul2d                             0x0000550d   Thumb Code     4  dfltl.o(.text)
    _ll_uto_d                                0x0000550d   Thumb Code     0  dfltl.o(.text)
    __aeabi_f2d                              0x00005515   Thumb Code     0  f2d.o(.text)
    _f2d                                     0x00005515   Thumb Code    80  f2d.o(.text)
    _printf_pre_padding                      0x00005569   Thumb Code    44  _printf_pad.o(.text)
    _printf_post_padding                     0x00005595   Thumb Code    34  _printf_pad.o(.text)
    _printf_int_common                       0x000055b7   Thumb Code   176  _printf_intcommon.o(.text)
    _printf_charcount                        0x00005667   Thumb Code    38  _printf_charcount.o(.text)
    _printf_char_common                      0x00005697   Thumb Code    32  _printf_char_common.o(.text)
    _sputc                                   0x000056bd   Thumb Code    10  _sputc.o(.text)
    _snputc                                  0x000056c7   Thumb Code    16  _snputc.o(.text)
    _printf_cs_common                        0x000056d7   Thumb Code    22  _printf_char.o(.text)
    _printf_char                             0x000056ed   Thumb Code    16  _printf_char.o(.text)
    _printf_string                           0x000056fd   Thumb Code     8  _printf_char.o(.text)
    _printf_wctomb                           0x00005705   Thumb Code   182  _printf_wctomb.o(.text)
    _printf_longlong_dec                     0x000057c1   Thumb Code    94  _printf_longlong_dec.o(.text)
    _printf_longlong_oct                     0x00005831   Thumb Code    68  _printf_oct_int_ll.o(.text)
    _printf_int_oct                          0x00005875   Thumb Code    24  _printf_oct_int_ll.o(.text)
    _printf_ll_oct                           0x0000588d   Thumb Code    10  _printf_oct_int_ll.o(.text)
    _printf_longlong_hex                     0x000058a1   Thumb Code    88  _printf_hex_int_ll_ptr.o(.text)
    _printf_int_hex                          0x000058f9   Thumb Code    28  _printf_hex_int_ll_ptr.o(.text)
    _printf_ll_hex                           0x00005915   Thumb Code    10  _printf_hex_int_ll_ptr.o(.text)
    _printf_hex_ptr                          0x0000591f   Thumb Code    22  _printf_hex_int_ll_ptr.o(.text)
    _chval                                   0x00005939   Thumb Code    30  _chval.o(.text)
    __vfscanf_char                           0x00005965   Thumb Code    28  scanf_char.o(.text)
    _sgetc                                   0x00005989   Thumb Code    32  _sgetc.o(.text)
    _sbackspace                              0x000059a9   Thumb Code    36  _sgetc.o(.text)
    __rt_udiv10                              0x000059cd   Thumb Code    40  rtudiv10.o(.text)
    _ll_udiv10                               0x000059f5   Thumb Code   122  lludiv10.o(.text)
    isspace                                  0x00005a6f   Thumb Code    18  isspace.o(.text)
    __lib_sel_fp_printf                      0x00005a81   Thumb Code     2  _printf_fp_dec.o(.text)
    _printf_fp_dec_real                      0x00005c1f   Thumb Code   620  _printf_fp_dec.o(.text)
    _printf_fp_hex_real                      0x00005e99   Thumb Code   718  _printf_fp_hex.o(.text)
    _printf_lcs_common                       0x00006171   Thumb Code    22  _printf_wchar.o(.text)
    _printf_wchar                            0x00006187   Thumb Code    16  _printf_wchar.o(.text)
    _printf_wstring                          0x00006197   Thumb Code     8  _printf_wchar.o(.text)
    __vfscanf                                0x000061a1   Thumb Code   880  _scanf.o(.text)
    _wcrtomb                                 0x00006521   Thumb Code    64  _wcrtomb.o(.text)
    __user_setup_stackheap                   0x00006561   Thumb Code    62  sys_stackheap_outer.o(.text)
    __rt_ctype_table                         0x000065a1   Thumb Code    16  rt_ctype_table.o(.text)
    __rt_locale                              0x000065b1   Thumb Code     8  rt_locale_intlibspace.o(.text)
    _printf_fp_infnan                        0x000065b9   Thumb Code   120  _printf_fp_infnan.o(.text)
    _btod_etento                             0x00006641   Thumb Code   210  bigflt0.o(.text)
    _btod_d2e                                0x00006719   Thumb Code    64  btod.o(.text)
    _btod_emul                               0x00006b4d   Thumb Code    28  btod.o(.text)
    _btod_emuld                              0x00006b69   Thumb Code   144  btod.o(.text)
    _btod_ediv                               0x00006bf9   Thumb Code    26  btod.o(.text)
    _btod_edivd                              0x00006c13   Thumb Code   124  btod.o(.text)
    exit                                     0x00006c99   Thumb Code    16  exit.o(.text)
    __user_libspace                          0x00006ca9   Thumb Code     8  libspace.o(.text)
    __user_perproc_libspace                  0x00006ca9   Thumb Code     0  libspace.o(.text)
    __user_perthread_libspace                0x00006ca9   Thumb Code     0  libspace.o(.text)
    strcmp                                   0x00006cb1   Thumb Code   132  strcmp.o(.text)
    _sys_exit                                0x00006d39   Thumb Code     8  sys_exit.o(.text)
    __I$use$semihosting                      0x00006d45   Thumb Code     0  use_no_semi.o(.text)
    __use_no_semihosting_swi                 0x00006d45   Thumb Code     2  use_no_semi.o(.text)
    __decompress                             0x00006d47   Thumb Code     0  __dczerorl2.o(.text)
    __decompress1                            0x00006d47   Thumb Code    86  __dczerorl2.o(.text)
    __semihosting_library_function           0x00006d47   Thumb Code     0  indicate_semi.o(.text)
    ADC_DMA                                  0x00006d9d   Thumb Code    82  irda_device.o(i.ADC_DMA)
    ADC_IRQHandler                           0x00006df5   Thumb Code    44  irda_device.o(i.ADC_IRQHandler)
    ATCmd_Process                            0x00006e25   Thumb Code  1654  drv_nbmodule.o(i.ATCmd_Process)
    AT_Proce_Overtime                        0x00007551   Thumb Code    80  drv_nbmodule.o(i.AT_Proce_Overtime)
    AllPin_Output_Low                        0x000075ad   Thumb Code    24  bsp.o(i.AllPin_Output_Low)
    All_Output                               0x000075c9   Thumb Code   108  bsp.o(i.All_Output)
    Allpin_ANEN                              0x00007641   Thumb Code    10  bsp.o(i.Allpin_ANEN)
    BSTIM_IRQHandler                         0x00007651   Thumb Code    30  timer.o(i.BSTIM_IRQHandler)
    BcdToHex                                 0x00007675   Thumb Code    16  general.o(i.BcdToHex)
    CMDRsult_Send                            0x00007685   Thumb Code    40  protocal.o(i.CMDRsult_Send)
    CRC16_0xA001                             0x000076b9   Thumb Code    48  protocal.o(i.CRC16_0xA001)
    CalCRC16_CCITT                           0x000076f1   Thumb Code    60  crc.o(i.CalCRC16_CCITT)
    CheckAllUpgradeCode                      0x00007735   Thumb Code   146  protocal.o(i.CheckAllUpgradeCode)
    CheckCodeToUp                            0x000077cd   Thumb Code   180  app_process.o(i.CheckCodeToUp)
    Check_Remove                             0x00007909   Thumb Code   110  task_user.o(i.Check_Remove)
    Check_Shiled                             0x00007999   Thumb Code    54  task_user.o(i.Check_Shiled)
    Check_Temprature                         0x000079d9   Thumb Code   140  task_user.o(i.Check_Temprature)
    Check_Temprature_Data                    0x00007a85   Thumb Code   136  app_process.o(i.Check_Temprature_Data)
    Check_UpTime                             0x00007b11   Thumb Code   168  up_comming.o(i.Check_UpTime)
    ClearClosedIF                            0x00007bc1   Thumb Code    40  interrupt.o(i.ClearClosedIF)
    Clear_IRDA                               0x00007be9   Thumb Code    74  irda_device.o(i.Clear_IRDA)
    Deal_IRDA1                               0x00007ca9   Thumb Code    90  irda_device.o(i.Deal_IRDA1)
    Deal_IRDA2                               0x00007d15   Thumb Code    90  irda_device.o(i.Deal_IRDA2)
    DeepSleep                                0x00007d81   Thumb Code    72  app_process.o(i.DeepSleep)
    DelayUp                                  0x00007dd9   Thumb Code    16  up_comming.o(i.DelayUp)
    Detect_ADC                               0x00007ded   Thumb Code    72  irda_device.o(i.Detect_ADC)
    DeviceUpComing_Process                   0x00007e41   Thumb Code   504  up_comming.o(i.DeviceUpComing_Process)
    EnterSleep                               0x000080d1   Thumb Code    24  app_process.o(i.EnterSleep)
    Flash_Erase_Sector                       0x000080e9   Thumb Code    48  flash.o(i.Flash_Erase_Sector)
    Flash_Read                               0x0000811d   Thumb Code    66  app_process.o(i.Flash_Read)
    Flash_Write_String                       0x00008179   Thumb Code    64  flash.o(i.Flash_Write_String)
    GPIO_IRQHandler                          0x000081bd   Thumb Code    80  interrupt.o(i.GPIO_IRQHandler)
    GetParam                                 0x00008211   Thumb Code    70  protocal.o(i.GetParam)
    GetVref1p22Sample                        0x0000825d   Thumb Code   144  irda_device.o(i.GetVref1p22Sample)
    Get_ATCMDFrom                            0x00008301   Thumb Code   262  drv_nbmodule.o(i.Get_ATCMDFrom)
    Get_Alarm_Fram                           0x000085cd   Thumb Code    18  protocal.o(i.Get_Alarm_Fram)
    Get_CSQ                                  0x000085e5   Thumb Code    26  drv_nbmodule.o(i.Get_CSQ)
    Get_FrameData                            0x00008601   Thumb Code   232  protocal.o(i.Get_FrameData)
    Get_FreezeData                           0x000086fd   Thumb Code   194  protocal.o(i.Get_FreezeData)
    Get_Report_Message                       0x000087c1   Thumb Code    66  up_comming.o(i.Get_Report_Message)
    Get_Temprature                           0x0000880d   Thumb Code   228  irda_device.o(i.Get_Temprature)
    Get_Temprature_Freeze                    0x0000892d   Thumb Code   124  protocal.o(i.Get_Temprature_Freeze)
    Get_Temprature_Pwrite                    0x000089ad   Thumb Code    80  app_process.o(i.Get_Temprature_Pwrite)
    Get_UTC_8Time                            0x000089fd   Thumb Code    82  general.o(i.Get_UTC_8Time)
    Get_Upgrade_Pack                         0x00008a51   Thumb Code    88  protocal.o(i.Get_Upgrade_Pack)
    HexToAscii                               0x00008aad   Thumb Code    50  uart.o(i.HexToAscii)
    HexToAssic_Uart0Send                     0x00008adf   Thumb Code    36  uart.o(i.HexToAssic_Uart0Send)
    HexToAssic_Uart1Send                     0x00008b03   Thumb Code    36  uart.o(i.HexToAssic_Uart1Send)
    HexToBcd                                 0x00008b27   Thumb Code    16  general.o(i.HexToBcd)
    IRDA_ADC_Init                            0x00008b39   Thumb Code   164  irda_device.o(i.IRDA_ADC_Init)
    IRDA_Init                                0x00008be9   Thumb Code   152  irda_device.o(i.IRDA_Init)
    IWDT_Clr                                 0x00008c91   Thumb Code     8  main.o(i.IWDT_Clr)
    IWDT_Init                                0x00008ca1   Thumb Code    20  main.o(i.IWDT_Init)
    Init_CRC_CRC16CCITT                      0x00008cb9   Thumb Code    40  crc.o(i.Init_CRC_CRC16CCITT)
    Init_SVD                                 0x00008ce9   Thumb Code    60  power_manage.o(i.Init_SVD)
    Init_basetim                             0x00008d29   Thumb Code    70  timer.o(i.Init_basetim)
    IsTaskRunning                            0x00008d7d   Thumb Code    38  task_manage.o(i.IsTaskRunning)
    Judge_Direction                          0x00008da9   Thumb Code   146  irda_device.o(i.Judge_Direction)
    LFDET_IRQHandler                         0x00008e61   Thumb Code     2  interrupt.o(i.LFDET_IRQHandler)
    LL_ADC_CommonInit                        0x00008e65   Thumb Code   130  fm33lc0xx_ll_adc.o(i.LL_ADC_CommonInit)
    LL_ADC_Init                              0x00008eed   Thumb Code   512  fm33lc0xx_ll_adc.o(i.LL_ADC_Init)
    LL_BSTIM_Init                            0x000090fd   Thumb Code   144  fm33lc0xx_ll_bstim.o(i.LL_BSTIM_Init)
    LL_CRC_Init                              0x00009199   Thumb Code   200  fm33lc0xx_ll_crc.o(i.LL_CRC_Init)
    LL_DMA_Init                              0x00009269   Thumb Code   420  fm33lc0xx_ll_dma.o(i.LL_DMA_Init)
    LL_FLASH_PageErase                       0x0000943d   Thumb Code   186  fm33lc0xx_ll_flash.o(i.LL_FLASH_PageErase)
    LL_FLASH_Program_String                  0x00009511   Thumb Code    38  flash.o(i.LL_FLASH_Program_String)
    LL_FLASH_Program_Word                    0x0000953d   Thumb Code   174  fm33lc0xx_ll_flash.o(i.LL_FLASH_Program_Word)
    LL_GPIO_ALLPIN_LPM_MODE                  0x00009625   Thumb Code   120  fm33lc0xx_ll_gpio.o(i.LL_GPIO_ALLPIN_LPM_MODE)
    LL_GPIO_Init                             0x000096a9   Thumb Code   234  fm33lc0xx_ll_gpio.o(i.LL_GPIO_Init)
    LL_GPIO_StructInit                       0x000097b5   Thumb Code    18  fm33lc0xx_ll_gpio.o(i.LL_GPIO_StructInit)
    LL_IWDT_Init                             0x000097cd   Thumb Code   100  fm33lc0xx_ll_iwdt.o(i.LL_IWDT_Init)
    LL_LPUART_Init                           0x00009841   Thumb Code   360  fm33lc0xx_ll_lpuart.o(i.LL_LPUART_Init)
    LL_PMU_Sleep_Init                        0x000099c9   Thumb Code   174  fm33lc0xx_ll_pmu.o(i.LL_PMU_Sleep_Init)
    LL_RCC_GetAHBClockFreq                   0x00009aa1   Thumb Code    62  fm33lc0xx_ll_rcc.o(i.LL_RCC_GetAHBClockFreq)
    LL_RCC_GetAPB1ClockFreq                  0x00009ae5   Thumb Code    62  fm33lc0xx_ll_rcc.o(i.LL_RCC_GetAPB1ClockFreq)
    LL_RCC_GetAPB2ClockFreq                  0x00009b29   Thumb Code    62  fm33lc0xx_ll_rcc.o(i.LL_RCC_GetAPB2ClockFreq)
    LL_RCC_GetPLLClockFreq                   0x00009b6d   Thumb Code    96  fm33lc0xx_ll_rcc.o(i.LL_RCC_GetPLLClockFreq)
    LL_RCC_GetRC4MClockFreq                  0x00009bd5   Thumb Code    42  fm33lc0xx_ll_rcc.o(i.LL_RCC_GetRC4MClockFreq)
    LL_RCC_GetRCHFClockFreq                  0x00009c11   Thumb Code    34  fm33lc0xx_ll_rcc.o(i.LL_RCC_GetRCHFClockFreq)
    LL_RCC_GetSystemClockFreq                0x00009c45   Thumb Code    66  fm33lc0xx_ll_rcc.o(i.LL_RCC_GetSystemClockFreq)
    LL_RCC_GetUSBClockFreqToSysclk           0x00009c91   Thumb Code    18  fm33lc0xx_ll_rcc.o(i.LL_RCC_GetUSBClockFreqToSysclk)
    LL_RTC_ConfigTime                        0x00009d2d   Thumb Code    96  fm33lc0xx_ll_rtc.o(i.LL_RTC_ConfigTime)
    LL_RTC_Init                              0x00009d95   Thumb Code    28  fm33lc0xx_ll_rtc.o(i.LL_RTC_Init)
    LL_SVD_Init                              0x00009db9   Thumb Code   270  fm33lc0xx_ll_svd.o(i.LL_SVD_Init)
    LL_UART_Init                             0x00009ed1   Thumb Code   428  fm33lc0xx_ll_uart.o(i.LL_UART_Init)
    LPTIM_IRQHandler                         0x0000a091   Thumb Code     8  interrupt.o(i.LPTIM_IRQHandler)
    LPUART0_IRQHandler                       0x0000a09d   Thumb Code    34  lpuart.o(i.LPUART0_IRQHandler)
    LPUART1_IRQHandler                       0x0000a0c5   Thumb Code    72  lpuart.o(i.LPUART1_IRQHandler)
    LPUART_Init                              0x0000a119   Thumb Code   226  lpuart.o(i.LPUART_Init)
    MF_Clock_Init                            0x0000a209   Thumb Code    36  mf_config.o(i.MF_Clock_Init)
    MF_Config_Init                           0x0000a235   Thumb Code    32  mf_config.o(i.MF_Config_Init)
    MF_SystemClock_Config                    0x0000a259   Thumb Code     2  mf_config.o(i.MF_SystemClock_Config)
    MidNightTask                             0x0000a25d   Thumb Code    16  task_user.o(i.MidNightTask)
    Module_Power_manage                      0x0000a275   Thumb Code   380  drv_nbmodule.o(i.Module_Power_manage)
    NBDeviceOverTime                         0x0000a4a1   Thumb Code    32  drv_nbmodule.o(i.NBDeviceOverTime)
    NB_Module_VBAT                           0x0000a4d1   Thumb Code    52  drv_nbmodule.o(i.NB_Module_VBAT)
    NMI_Handler                              0x0000a509   Thumb Code    12  main.o(i.NMI_Handler)
    Power_Check                              0x0000a601   Thumb Code    60  power_manage.o(i.Power_Check)
    Process_Cmd                              0x0000a665   Thumb Code   156  protocal.o(i.Process_Cmd)
    Prossce_Votage                           0x0000a735   Thumb Code   924  irda_device.o(i.Prossce_Votage)
    Protocal_Analyze                         0x0000ab31   Thumb Code   382  protocal.o(i.Protocal_Analyze)
    RTC_GetTime                              0x0000acf5   Thumb Code    56  drv_rtc.o(i.RTC_GetTime)
    RTC_IRQHandler                           0x0000ad31   Thumb Code    54  drv_rtc.o(i.RTC_IRQHandler)
    RTC_Init                                 0x0000ad6d   Thumb Code    98  drv_rtc.o(i.RTC_Init)
    RTC_SetTime                              0x0000addd   Thumb Code   128  drv_rtc.o(i.RTC_SetTime)
    RTC_minCheck                             0x0000ae61   Thumb Code   134  task_user.o(i.RTC_minCheck)
    RecvDataFromBuff                         0x0000af19   Thumb Code   176  uart.o(i.RecvDataFromBuff)
    SVD_IRQHandler                           0x0000afcd   Thumb Code    54  interrupt.o(i.SVD_IRQHandler)
    Save_Parame                              0x0000b045   Thumb Code    70  app_process.o(i.Save_Parame)
    Save_Temprature                          0x0000b0a1   Thumb Code   108  app_process.o(i.Save_Temprature)
    Scanning                                 0x0000b111   Thumb Code    16  task_user.o(i.Scanning)
    SendDataToSevice                         0x0000b121   Thumb Code    80  up_comming.o(i.SendDataToSevice)
    SetParam                                 0x0000b17d   Thumb Code   146  protocal.o(i.SetParam)
    Set_Freeze_Pread                         0x0000b21d   Thumb Code   160  app_process.o(i.Set_Freeze_Pread)
    Set_Temprature_Pread                     0x0000b2bd   Thumb Code   230  app_process.o(i.Set_Temprature_Pread)
    Set_UpProcess_UpState                    0x0000b3b1   Thumb Code    14  up_comming.o(i.Set_UpProcess_UpState)
    Set_Upgrade_Paramer                      0x0000b3c9   Thumb Code    84  protocal.o(i.Set_Upgrade_Paramer)
    StartUp                                  0x0000b441   Thumb Code    70  up_comming.o(i.StartUp)
    SystemInit                               0x0000b495   Thumb Code   144  system_fm33lc0xx.o(i.SystemInit)
    UART0_IRQHandler                         0x0000b539   Thumb Code    76  interrupt.o(i.UART0_IRQHandler)
    UART1_IRQHandler                         0x0000b58d   Thumb Code    54  interrupt.o(i.UART1_IRQHandler)
    Uart0Overtime                            0x0000b5cd   Thumb Code    38  uart.o(i.Uart0Overtime)
    Uart0SendData                            0x0000b605   Thumb Code    48  uart.o(i.Uart0SendData)
    Uart1SendData                            0x0000b63d   Thumb Code    48  uart.o(i.Uart1SendData)
    Uartx_Init                               0x0000b675   Thumb Code   284  uart.o(i.Uartx_Init)
    Uartx_close                              0x0000b799   Thumb Code   144  uart.o(i.Uartx_close)
    Uartx_open                               0x0000b831   Thumb Code     8  uart.o(i.Uartx_open)
    UpComing_Process_Overtime                0x0000b839   Thumb Code    94  up_comming.o(i.UpComing_Process_Overtime)
    UserInit                                 0x0000b8c1   Thumb Code    80  user_init.o(i.UserInit)
    Write_Freeze_Pdata                       0x0000b925   Thumb Code    56  app_process.o(i.Write_Freeze_Pdata)
    Write_Freeze_data                        0x0000b961   Thumb Code   384  app_process.o(i.Write_Freeze_data)
    __ARM_common_ll_muluu                    0x0000bb09   Thumb Code    48  user_init.o(i.__ARM_common_ll_muluu)
    __ARM_common_switch8                     0x0000bb39   Thumb Code    26  up_comming.o(i.__ARM_common_switch8)
    __ARM_fpclassify                         0x0000bb55   Thumb Code    40  fpclassify.o(i.__ARM_fpclassify)
    _is_digit                                0x0000bb81   Thumb Code    14  __printf_wp.o(i._is_digit)
    bin_search                               0x0000bb8f   Thumb Code    88  flash.o(i.bin_search)
    calculate_uptime                         0x0000bbe9   Thumb Code    36  up_comming.o(i.calculate_uptime)
    clear_allstate                           0x0000bc11   Thumb Code    24  drv_nbmodule.o(i.clear_allstate)
    gmtime                                   0x0000bc35   Thumb Code   200  general.o(i.gmtime)
    isLeapYear                               0x0000bd11   Thumb Code    40  general.o(i.isLeapYear)
    main                                     0x0000bd39   Thumb Code    68  main.o(i.main)
    mamual_timing                            0x0000bd9d   Thumb Code    38  protocal.o(i.mamual_timing)
    mktime                                   0x0000bdc5   Thumb Code   106  general.o(i.mktime)
    mktime_BCD                               0x0000be35   Thumb Code    70  general.o(i.mktime_BCD)
    order_search                             0x0000be7b   Thumb Code    46  flash.o(i.order_search)
    print                                    0x0000bea9   Thumb Code    44  uart.o(i.print)
    running                                  0x0000bed5   Thumb Code    10  main.o(i.running)
    task_1000Mstimer                         0x0000bee5   Thumb Code    46  task_manage.o(i.task_1000Mstimer)
    task_Mstimer                             0x0000bf19   Thumb Code    46  task_manage.o(i.task_Mstimer)
    task_reset                               0x0000bf4d   Thumb Code    86  task_manage.o(i.task_reset)
    task_schedule                            0x0000bfa9   Thumb Code    64  task_manage.o(i.task_schedule)
    task_start                               0x0000bfed   Thumb Code    76  task_manage.o(i.task_start)
    task_stop                                0x0000c03d   Thumb Code    88  task_manage.o(i.task_stop)
    _get_lc_numeric                          0x0000c099   Thumb Code    44  lc_numeric_c.o(locale$$code)
    _get_lc_ctype                            0x0000c0c5   Thumb Code    44  lc_ctype_c.o(locale$$code)
    _printf_fp_dec                           0x0000c0f1   Thumb Code    16  printf1.o(x$fpl$printf1)
    _printf_fp_hex                           0x0000c101   Thumb Code    16  printf2.o(x$fpl$printf2)
    __I$use$fp                               0x0000c110   Number         0  usenofp.o(x$fpl$usenofp)
    Region$$Table$$Base                      0x0000c290   Number         0  anon$$obj.o(Region$$Table)
    Region$$Table$$Limit                     0x0000c2b0   Number         0  anon$$obj.o(Region$$Table)
    __ctype                                  0x0000c2d9   Data           0  lc_ctype_c.o(locale$$data)
    UpPeak_time                              0x20000004   Data           5  up_comming.o(.data)
    Up_process                               0x2000000a   Data         270  up_comming.o(.data)
    HttpInfo                                 0x20000118   Data          92  up_comming.o(.data)
    power_change                             0x20000174   Data           1  power_manage.o(.data)
    ShieldCount                              0x2000017a   Data           2  app_process.o(.data)
    DefaultParam                             0x2000017c   Data          76  app_process.o(.data)
    DeviceParam                              0x200001c8   Data          76  app_process.o(.data)
    Pack_Sum                                 0x20000214   Data           2  protocal.o(.data)
    Recv_PackSum                             0x20000216   Data           2  protocal.o(.data)
    systemClock                              0x20000218   Data           4  user_init.o(.data)
    TIME_DEFAULT                             0x2000021c   Data           6  drv_rtc.o(.data)
    NBState                                  0x20000223   Data           1  drv_nbmodule.o(.data)
    Get122VSample                            0x20000228   Data           4  irda_device.o(.data)
    Upgrade_Paramer                          0x2000022c   Data          12  protocal.o(.bss)
    Task_Arry                                0x20000238   Data         495  task_manage.o(.bss)
    NB_Recv_Buff                             0x20000428   Data         306  uart.o(.bss)
    CMD_Recv_Buff                            0x2000055a   Data         306  uart.o(.bss)
    CMDBuff                                  0x2000068c   Data         300  uart.o(.bss)
    UartBuff                                 0x200007b8   Data         360  uart.o(.bss)
    Device_Power                             0x20000920   Data          12  drv_nbmodule.o(.bss)
    NBDevice                                 0x2000092c   Data          80  drv_nbmodule.o(.bss)
    ATsendBuf                                0x2000097c   Data          60  drv_nbmodule.o(.bss)
    IRDA_Struct                              0x200009b8   Data          24  irda_device.o(.bss)
    Trigger                                  0x200009d0   Data          21  irda_device.o(.bss)
    ADCdata                                  0x200009e6   Data         400  irda_device.o(.bss)
    __libspace_start                         0x20000b78   Data          96  libspace.o(.bss)
    __temporary_stack_top$libspace           0x20000bd8   Data           0  libspace.o(.bss)



==============================================================================

Memory Map of the image

  Image Entry point : 0x000040c1

  Load Region LR_IROM1 (Base: 0x00004000, Size: 0x00008608, Max: 0x00010000, ABSOLUTE, COMPRESSED[0x00008448])

    Execution Region ER_IROM1 (Exec base: 0x00004000, Load base: 0x00004000, Size: 0x000083dc, Max: 0x00010000, ABSOLUTE)

    Exec Addr    Load Addr    Size         Type   Attr      Idx    E Section Name        Object

    0x00004000   0x00004000   0x000000c0   Data   RO         3005    RESET               startup_fm33lc0xx.o
    0x000040c0   0x000040c0   0x00000008   Code   RO         3165  * !!!main             c_p.l(__main.o)
    0x000040c8   0x000040c8   0x0000003c   Code   RO         3492    !!!scatter          c_p.l(__scatter.o)
    0x00004104   0x00004104   0x0000001c   Code   RO         3494    !!handler_zi        c_p.l(__scatter_zi.o)
    0x00004120   0x00004120   0x00000002   Code   RO         3138    .ARM.Collect$$_printf_percent$$00000000  c_p.l(_printf_percent.o)
    0x00004122   0x00004122   0x0000000a   Code   RO         3249    .ARM.Collect$$_printf_percent$$00000001  c_p.l(_printf_n.o)
    0x0000412c   0x0000412c   0x0000000a   Code   RO         3251    .ARM.Collect$$_printf_percent$$00000002  c_p.l(_printf_p.o)
    0x00004136   0x00004136   0x0000000a   Code   RO         3254    .ARM.Collect$$_printf_percent$$00000003  c_p.l(_printf_f.o)
    0x00004140   0x00004140   0x0000000a   Code   RO         3255    .ARM.Collect$$_printf_percent$$00000004  c_p.l(_printf_e.o)
    0x0000414a   0x0000414a   0x0000000a   Code   RO         3256    .ARM.Collect$$_printf_percent$$00000005  c_p.l(_printf_g.o)
    0x00004154   0x00004154   0x0000000a   Code   RO         3257    .ARM.Collect$$_printf_percent$$00000006  c_p.l(_printf_a.o)
    0x0000415e   0x0000415e   0x0000000a   Code   RO         3262    .ARM.Collect$$_printf_percent$$00000007  c_p.l(_printf_ll.o)
    0x00004168   0x00004168   0x0000000a   Code   RO         3253    .ARM.Collect$$_printf_percent$$00000008  c_p.l(_printf_i.o)
    0x00004172   0x00004172   0x0000000a   Code   RO         3136    .ARM.Collect$$_printf_percent$$00000009  c_p.l(_printf_d.o)
    0x0000417c   0x0000417c   0x0000000a   Code   RO         3137    .ARM.Collect$$_printf_percent$$0000000A  c_p.l(_printf_u.o)
    0x00004186   0x00004186   0x0000000a   Code   RO         3252    .ARM.Collect$$_printf_percent$$0000000B  c_p.l(_printf_o.o)
    0x00004190   0x00004190   0x0000000a   Code   RO         3250    .ARM.Collect$$_printf_percent$$0000000C  c_p.l(_printf_x.o)
    0x0000419a   0x0000419a   0x0000000a   Code   RO         3259    .ARM.Collect$$_printf_percent$$0000000D  c_p.l(_printf_lli.o)
    0x000041a4   0x000041a4   0x0000000a   Code   RO         3260    .ARM.Collect$$_printf_percent$$0000000E  c_p.l(_printf_lld.o)
    0x000041ae   0x000041ae   0x0000000a   Code   RO         3261    .ARM.Collect$$_printf_percent$$0000000F  c_p.l(_printf_llu.o)
    0x000041b8   0x000041b8   0x0000000a   Code   RO         3266    .ARM.Collect$$_printf_percent$$00000010  c_p.l(_printf_llo.o)
    0x000041c2   0x000041c2   0x0000000a   Code   RO         3267    .ARM.Collect$$_printf_percent$$00000011  c_p.l(_printf_llx.o)
    0x000041cc   0x000041cc   0x0000000a   Code   RO         3263    .ARM.Collect$$_printf_percent$$00000012  c_p.l(_printf_l.o)
    0x000041d6   0x000041d6   0x0000000a   Code   RO         3248    .ARM.Collect$$_printf_percent$$00000013  c_p.l(_printf_c.o)
    0x000041e0   0x000041e0   0x0000000a   Code   RO         3135    .ARM.Collect$$_printf_percent$$00000014  c_p.l(_printf_s.o)
    0x000041ea   0x000041ea   0x0000000a   Code   RO         3264    .ARM.Collect$$_printf_percent$$00000015  c_p.l(_printf_lc.o)
    0x000041f4   0x000041f4   0x0000000a   Code   RO         3265    .ARM.Collect$$_printf_percent$$00000016  c_p.l(_printf_ls.o)
    0x000041fe   0x000041fe   0x00000004   Code   RO         3258    .ARM.Collect$$_printf_percent$$00000017  c_p.l(_printf_percent_end.o)
    0x00004202   0x00004202   0x00000002   Code   RO         3350    .ARM.Collect$$libinit$$00000000  c_p.l(libinit.o)
    0x00004204   0x00004204   0x00000000   Code   RO         3373    .ARM.Collect$$libinit$$00000002  c_p.l(libinit2.o)
    0x00004204   0x00004204   0x00000000   Code   RO         3375    .ARM.Collect$$libinit$$00000004  c_p.l(libinit2.o)
    0x00004204   0x00004204   0x00000000   Code   RO         3378    .ARM.Collect$$libinit$$0000000A  c_p.l(libinit2.o)
    0x00004204   0x00004204   0x00000000   Code   RO         3380    .ARM.Collect$$libinit$$0000000C  c_p.l(libinit2.o)
    0x00004204   0x00004204   0x00000000   Code   RO         3382    .ARM.Collect$$libinit$$0000000E  c_p.l(libinit2.o)
    0x00004204   0x00004204   0x00000006   Code   RO         3383    .ARM.Collect$$libinit$$0000000F  c_p.l(libinit2.o)
    0x0000420a   0x0000420a   0x00000000   Code   RO         3385    .ARM.Collect$$libinit$$00000011  c_p.l(libinit2.o)
    0x0000420a   0x0000420a   0x0000000c   Code   RO         3386    .ARM.Collect$$libinit$$00000012  c_p.l(libinit2.o)
    0x00004216   0x00004216   0x00000000   Code   RO         3387    .ARM.Collect$$libinit$$00000013  c_p.l(libinit2.o)
    0x00004216   0x00004216   0x00000000   Code   RO         3389    .ARM.Collect$$libinit$$00000015  c_p.l(libinit2.o)
    0x00004216   0x00004216   0x0000000a   Code   RO         3390    .ARM.Collect$$libinit$$00000016  c_p.l(libinit2.o)
    0x00004220   0x00004220   0x00000000   Code   RO         3391    .ARM.Collect$$libinit$$00000017  c_p.l(libinit2.o)
    0x00004220   0x00004220   0x00000000   Code   RO         3393    .ARM.Collect$$libinit$$00000019  c_p.l(libinit2.o)
    0x00004220   0x00004220   0x00000000   Code   RO         3395    .ARM.Collect$$libinit$$0000001B  c_p.l(libinit2.o)
    0x00004220   0x00004220   0x00000000   Code   RO         3397    .ARM.Collect$$libinit$$0000001D  c_p.l(libinit2.o)
    0x00004220   0x00004220   0x00000000   Code   RO         3399    .ARM.Collect$$libinit$$0000001F  c_p.l(libinit2.o)
    0x00004220   0x00004220   0x00000000   Code   RO         3401    .ARM.Collect$$libinit$$00000021  c_p.l(libinit2.o)
    0x00004220   0x00004220   0x00000000   Code   RO         3403    .ARM.Collect$$libinit$$00000023  c_p.l(libinit2.o)
    0x00004220   0x00004220   0x00000000   Code   RO         3405    .ARM.Collect$$libinit$$00000025  c_p.l(libinit2.o)
    0x00004220   0x00004220   0x00000000   Code   RO         3409    .ARM.Collect$$libinit$$0000002C  c_p.l(libinit2.o)
    0x00004220   0x00004220   0x00000000   Code   RO         3411    .ARM.Collect$$libinit$$0000002E  c_p.l(libinit2.o)
    0x00004220   0x00004220   0x00000000   Code   RO         3413    .ARM.Collect$$libinit$$00000030  c_p.l(libinit2.o)
    0x00004220   0x00004220   0x00000000   Code   RO         3415    .ARM.Collect$$libinit$$00000032  c_p.l(libinit2.o)
    0x00004220   0x00004220   0x00000002   Code   RO         3416    .ARM.Collect$$libinit$$00000033  c_p.l(libinit2.o)
    0x00004222   0x00004222   0x00000002   Code   RO         3447    .ARM.Collect$$libshutdown$$00000000  c_p.l(libshutdown.o)
    0x00004224   0x00004224   0x00000000   Code   RO         3473    .ARM.Collect$$libshutdown$$00000002  c_p.l(libshutdown2.o)
    0x00004224   0x00004224   0x00000000   Code   RO         3475    .ARM.Collect$$libshutdown$$00000004  c_p.l(libshutdown2.o)
    0x00004224   0x00004224   0x00000000   Code   RO         3478    .ARM.Collect$$libshutdown$$00000007  c_p.l(libshutdown2.o)
    0x00004224   0x00004224   0x00000000   Code   RO         3481    .ARM.Collect$$libshutdown$$0000000A  c_p.l(libshutdown2.o)
    0x00004224   0x00004224   0x00000000   Code   RO         3483    .ARM.Collect$$libshutdown$$0000000C  c_p.l(libshutdown2.o)
    0x00004224   0x00004224   0x00000000   Code   RO         3486    .ARM.Collect$$libshutdown$$0000000F  c_p.l(libshutdown2.o)
    0x00004224   0x00004224   0x00000002   Code   RO         3487    .ARM.Collect$$libshutdown$$00000010  c_p.l(libshutdown2.o)
    0x00004226   0x00004226   0x00000000   Code   RO         3193    .ARM.Collect$$rtentry$$00000000  c_p.l(__rtentry.o)
    0x00004226   0x00004226   0x00000000   Code   RO         3286    .ARM.Collect$$rtentry$$00000002  c_p.l(__rtentry2.o)
    0x00004226   0x00004226   0x00000006   Code   RO         3298    .ARM.Collect$$rtentry$$00000004  c_p.l(__rtentry4.o)
    0x0000422c   0x0000422c   0x00000000   Code   RO         3288    .ARM.Collect$$rtentry$$00000009  c_p.l(__rtentry2.o)
    0x0000422c   0x0000422c   0x00000004   Code   RO         3289    .ARM.Collect$$rtentry$$0000000A  c_p.l(__rtentry2.o)
    0x00004230   0x00004230   0x00000000   Code   RO         3291    .ARM.Collect$$rtentry$$0000000C  c_p.l(__rtentry2.o)
    0x00004230   0x00004230   0x00000008   Code   RO         3292    .ARM.Collect$$rtentry$$0000000D  c_p.l(__rtentry2.o)
    0x00004238   0x00004238   0x00000002   Code   RO         3359    .ARM.Collect$$rtexit$$00000000  c_p.l(rtexit.o)
    0x0000423a   0x0000423a   0x00000000   Code   RO         3420    .ARM.Collect$$rtexit$$00000002  c_p.l(rtexit2.o)
    0x0000423a   0x0000423a   0x00000004   Code   RO         3421    .ARM.Collect$$rtexit$$00000003  c_p.l(rtexit2.o)
    0x0000423e   0x0000423e   0x00000006   Code   RO         3422    .ARM.Collect$$rtexit$$00000004  c_p.l(rtexit2.o)
    0x00004244   0x00004244   0x00000038   Code   RO         3149    .emb_text           c_p.l(rt_memcpy.o)
    0x0000427c   0x0000427c   0x00000038   Code   RO         3006    .text               startup_fm33lc0xx.o
    0x000042b4   0x000042b4   0x00000030   Code   RO         3097    .text               c_p.l(llmul.o)
    0x000042e4   0x000042e4   0x00000102   Code   RO         3099    .text               c_p.l(lludiv.o)
    0x000043e6   0x000043e6   0x00000002   PAD
    0x000043e8   0x000043e8   0x00000038   Code   RO         3101    .text               c_p.l(vsnprintf.o)
    0x00004420   0x00004420   0x0000002c   Code   RO         3103    .text               c_p.l(__2sprintf.o)
    0x0000444c   0x0000444c   0x00000024   Code   RO         3109    .text               c_p.l(_printf_truncate.o)
    0x00004470   0x00004470   0x00000052   Code   RO         3111    .text               c_p.l(_printf_str.o)
    0x000044c2   0x000044c2   0x00000002   PAD
    0x000044c4   0x000044c4   0x0000006c   Code   RO         3113    .text               c_p.l(_printf_dec.o)
    0x00004530   0x00004530   0x00000188   Code   RO         3132    .text               c_p.l(__printf_flags_ss_wp.o)
    0x000046b8   0x000046b8   0x00000040   Code   RO         3139    .text               c_p.l(__0sscanf.o)
    0x000046f8   0x000046f8   0x0000014a   Code   RO         3141    .text               c_p.l(_scanf_int.o)
    0x00004842   0x00004842   0x000000e8   Code   RO         3143    .text               c_p.l(_scanf_str.o)
    0x0000492a   0x0000492a   0x0000005a   Code   RO         3145    .text               c_p.l(memcmp.o)
    0x00004984   0x00004984   0x00000044   Code   RO         3147    .text               c_p.l(strlen.o)
    0x000049c8   0x000049c8   0x00000082   Code   RO         3150    .text               c_p.l(rt_memcpy.o)
    0x00004a4a   0x00004a4a   0x00000040   Code   RO         3153    .text               c_p.l(rt_memclr.o)
    0x00004a8a   0x00004a8a   0x00000022   Code   RO         3155    .text               c_p.l(uread4.o)
    0x00004aac   0x00004aac   0x00000010   Code   RO         3157    .text               c_p.l(uwrite4.o)
    0x00004abc   0x00004abc   0x0000015a   Code   RO         3159    .text               c_p.l(aeabi_sdiv.o)
    0x00004c16   0x00004c16   0x00000006   Code   RO         3163    .text               c_p.l(heapauxi.o)
    0x00004c1c   0x00004c1c   0x0000007c   Code   RO         3167    .text               fz_ps.l(d2f.o)
    0x00004c98   0x00004c98   0x00000358   Code   RO         3169    .text               fz_ps.l(daddsub.o)
    0x00004ff0   0x00004ff0   0x00000448   Code   RO         3171    .text               fz_ps.l(ddiv.o)
    0x00005438   0x00005438   0x00000058   Code   RO         3176    .text               fz_ps.l(dflti.o)
    0x00005490   0x00005490   0x00000084   Code   RO         3178    .text               fz_ps.l(dfltl.o)
    0x00005514   0x00005514   0x00000054   Code   RO         3184    .text               fz_ps.l(f2d.o)
    0x00005568   0x00005568   0x0000004e   Code   RO         3202    .text               c_p.l(_printf_pad.o)
    0x000055b6   0x000055b6   0x000000b0   Code   RO         3204    .text               c_p.l(_printf_intcommon.o)
    0x00005666   0x00005666   0x00000026   Code   RO         3206    .text               c_p.l(_printf_charcount.o)
    0x0000568c   0x0000568c   0x00000030   Code   RO         3208    .text               c_p.l(_printf_char_common.o)
    0x000056bc   0x000056bc   0x0000000a   Code   RO         3210    .text               c_p.l(_sputc.o)
    0x000056c6   0x000056c6   0x00000010   Code   RO         3212    .text               c_p.l(_snputc.o)
    0x000056d6   0x000056d6   0x0000002e   Code   RO         3214    .text               c_p.l(_printf_char.o)
    0x00005704   0x00005704   0x000000bc   Code   RO         3216    .text               c_p.l(_printf_wctomb.o)
    0x000057c0   0x000057c0   0x00000070   Code   RO         3219    .text               c_p.l(_printf_longlong_dec.o)
    0x00005830   0x00005830   0x00000070   Code   RO         3225    .text               c_p.l(_printf_oct_int_ll.o)
    0x000058a0   0x000058a0   0x00000098   Code   RO         3245    .text               c_p.l(_printf_hex_int_ll_ptr.o)
    0x00005938   0x00005938   0x0000001e   Code   RO         3268    .text               c_p.l(_chval.o)
    0x00005956   0x00005956   0x00000002   PAD
    0x00005958   0x00005958   0x00000030   Code   RO         3270    .text               c_p.l(scanf_char.o)
    0x00005988   0x00005988   0x00000044   Code   RO         3272    .text               c_p.l(_sgetc.o)
    0x000059cc   0x000059cc   0x00000028   Code   RO         3274    .text               c_p.l(rtudiv10.o)
    0x000059f4   0x000059f4   0x0000007a   Code   RO         3302    .text               c_p.l(lludiv10.o)
    0x00005a6e   0x00005a6e   0x00000012   Code   RO         3304    .text               c_p.l(isspace.o)
    0x00005a80   0x00005a80   0x00000418   Code   RO         3306    .text               c_p.l(_printf_fp_dec.o)
    0x00005e98   0x00005e98   0x000002d8   Code   RO         3308    .text               c_p.l(_printf_fp_hex.o)
    0x00006170   0x00006170   0x0000002e   Code   RO         3313    .text               c_p.l(_printf_wchar.o)
    0x0000619e   0x0000619e   0x00000002   PAD
    0x000061a0   0x000061a0   0x00000380   Code   RO         3315    .text               c_p.l(_scanf.o)
    0x00006520   0x00006520   0x00000040   Code   RO         3317    .text               c_p.l(_wcrtomb.o)
    0x00006560   0x00006560   0x0000003e   Code   RO         3319    .text               c_p.l(sys_stackheap_outer.o)
    0x0000659e   0x0000659e   0x00000002   PAD
    0x000065a0   0x000065a0   0x00000010   Code   RO         3322    .text               c_p.l(rt_ctype_table.o)
    0x000065b0   0x000065b0   0x00000008   Code   RO         3327    .text               c_p.l(rt_locale_intlibspace.o)
    0x000065b8   0x000065b8   0x00000088   Code   RO         3329    .text               c_p.l(_printf_fp_infnan.o)
    0x00006640   0x00006640   0x000000d8   Code   RO         3331    .text               c_p.l(bigflt0.o)
    0x00006718   0x00006718   0x00000580   Code   RO         3334    .text               c_p.l(btod.o)
    0x00006c98   0x00006c98   0x00000010   Code   RO         3339    .text               c_p.l(exit.o)
    0x00006ca8   0x00006ca8   0x00000008   Code   RO         3355    .text               c_p.l(libspace.o)
    0x00006cb0   0x00006cb0   0x00000088   Code   RO         3370    .text               c_p.l(strcmp.o)
    0x00006d38   0x00006d38   0x0000000c   Code   RO         3417    .text               c_p.l(sys_exit.o)
    0x00006d44   0x00006d44   0x00000002   Code   RO         3436    .text               c_p.l(use_no_semi.o)
    0x00006d46   0x00006d46   0x00000000   Code   RO         3438    .text               c_p.l(indicate_semi.o)
    0x00006d46   0x00006d46   0x00000056   Code   RO         3490    .text               c_p.l(__dczerorl2.o)
    0x00006d9c   0x00006d9c   0x00000058   Code   RO         1346    i.ADC_DMA           irda_device.o
    0x00006df4   0x00006df4   0x00000030   Code   RO         1347    i.ADC_IRQHandler    irda_device.o
    0x00006e24   0x00006e24   0x0000072c   Code   RO         1222    i.ATCmd_Process     drv_nbmodule.o
    0x00007550   0x00007550   0x0000005c   Code   RO         1223    i.AT_Proce_Overtime  drv_nbmodule.o
    0x000075ac   0x000075ac   0x0000001c   Code   RO         3062    i.AllPin_Output_Low  bsp.o
    0x000075c8   0x000075c8   0x00000078   Code   RO         3063    i.All_Output        bsp.o
    0x00007640   0x00007640   0x00000010   Code   RO         3064    i.Allpin_ANEN       bsp.o
    0x00007650   0x00007650   0x00000024   Code   RO         1308    i.BSTIM_IRQHandler  timer.o
    0x00007674   0x00007674   0x00000010   Code   RO         1597    i.BcdToHex          general.o
    0x00007684   0x00007684   0x00000034   Code   RO          645    i.CMDRsult_Send     protocal.o
    0x000076b8   0x000076b8   0x00000038   Code   RO          646    i.CRC16_0xA001      protocal.o
    0x000076f0   0x000076f0   0x00000044   Code   RO          812    i.CalCRC16_CCITT    crc.o
    0x00007734   0x00007734   0x00000098   Code   RO          647    i.CheckAllUpgradeCode  protocal.o
    0x000077cc   0x000077cc   0x0000013c   Code   RO          524    i.CheckCodeToUp     app_process.o
    0x00007908   0x00007908   0x00000090   Code   RO          470    i.Check_Remove      task_user.o
    0x00007998   0x00007998   0x00000040   Code   RO          471    i.Check_Shiled      task_user.o
    0x000079d8   0x000079d8   0x000000ac   Code   RO          472    i.Check_Temprature  task_user.o
    0x00007a84   0x00007a84   0x0000008c   Code   RO          525    i.Check_Temprature_Data  app_process.o
    0x00007b10   0x00007b10   0x000000b0   Code   RO          249    i.Check_UpTime      up_comming.o
    0x00007bc0   0x00007bc0   0x00000028   Code   RO          910    i.ClearClosedIF     interrupt.o
    0x00007be8   0x00007be8   0x00000064   Code   RO         1348    i.Clear_IRDA        irda_device.o
    0x00007c4c   0x00007c4c   0x0000005c   Code   RO         1114    i.ClockInit         user_init.o
    0x00007ca8   0x00007ca8   0x0000006c   Code   RO         1349    i.Deal_IRDA1        irda_device.o
    0x00007d14   0x00007d14   0x0000006c   Code   RO         1350    i.Deal_IRDA2        irda_device.o
    0x00007d80   0x00007d80   0x00000058   Code   RO          526    i.DeepSleep         app_process.o
    0x00007dd8   0x00007dd8   0x00000014   Code   RO          250    i.DelayUp           up_comming.o
    0x00007dec   0x00007dec   0x00000054   Code   RO         1351    i.Detect_ADC        irda_device.o
    0x00007e40   0x00007e40   0x00000290   Code   RO          251    i.DeviceUpComing_Process  up_comming.o
    0x000080d0   0x000080d0   0x00000018   Code   RO          527    i.EnterSleep        app_process.o
    0x000080e8   0x000080e8   0x00000034   Code   RO          866    i.Flash_Erase_Sector  flash.o
    0x0000811c   0x0000811c   0x0000005c   Code   RO          528    i.Flash_Read        app_process.o
    0x00008178   0x00008178   0x00000044   Code   RO          867    i.Flash_Write_String  flash.o
    0x000081bc   0x000081bc   0x00000054   Code   RO          911    i.GPIO_IRQHandler   interrupt.o
    0x00008210   0x00008210   0x0000004c   Code   RO          648    i.GetParam          protocal.o
    0x0000825c   0x0000825c   0x000000a4   Code   RO         1352    i.GetVref1p22Sample  irda_device.o
    0x00008300   0x00008300   0x000002cc   Code   RO         1225    i.Get_ATCMDFrom     drv_nbmodule.o
    0x000085cc   0x000085cc   0x00000018   Code   RO          649    i.Get_Alarm_Fram    protocal.o
    0x000085e4   0x000085e4   0x0000001a   Code   RO         1226    i.Get_CSQ           drv_nbmodule.o
    0x000085fe   0x000085fe   0x00000002   PAD
    0x00008600   0x00008600   0x000000fc   Code   RO          650    i.Get_FrameData     protocal.o
    0x000086fc   0x000086fc   0x000000c2   Code   RO          651    i.Get_FreezeData    protocal.o
    0x000087be   0x000087be   0x00000002   PAD
    0x000087c0   0x000087c0   0x0000004c   Code   RO          252    i.Get_Report_Message  up_comming.o
    0x0000880c   0x0000880c   0x00000120   Code   RO         1353    i.Get_Temprature    irda_device.o
    0x0000892c   0x0000892c   0x00000080   Code   RO          652    i.Get_Temprature_Freeze  protocal.o
    0x000089ac   0x000089ac   0x00000050   Code   RO          529    i.Get_Temprature_Pwrite  app_process.o
    0x000089fc   0x000089fc   0x00000052   Code   RO         1598    i.Get_UTC_8Time     general.o
    0x00008a4e   0x00008a4e   0x00000002   PAD
    0x00008a50   0x00008a50   0x0000005c   Code   RO          653    i.Get_Upgrade_Pack  protocal.o
    0x00008aac   0x00008aac   0x00000032   Code   RO          983    i.HexToAscii        uart.o
    0x00008ade   0x00008ade   0x00000024   Code   RO          984    i.HexToAssic_Uart0Send  uart.o
    0x00008b02   0x00008b02   0x00000024   Code   RO          985    i.HexToAssic_Uart1Send  uart.o
    0x00008b26   0x00008b26   0x00000010   Code   RO         1599    i.HexToBcd          general.o
    0x00008b36   0x00008b36   0x00000002   PAD
    0x00008b38   0x00008b38   0x000000b0   Code   RO         1354    i.IRDA_ADC_Init     irda_device.o
    0x00008be8   0x00008be8   0x000000a8   Code   RO         1355    i.IRDA_Init         irda_device.o
    0x00008c90   0x00008c90   0x00000010   Code   RO            3    i.IWDT_Clr          main.o
    0x00008ca0   0x00008ca0   0x00000018   Code   RO            4    i.IWDT_Init         main.o
    0x00008cb8   0x00008cb8   0x00000030   Code   RO          813    i.Init_CRC_CRC16CCITT  crc.o
    0x00008ce8   0x00008ce8   0x00000040   Code   RO          416    i.Init_SVD          power_manage.o
    0x00008d28   0x00008d28   0x00000054   Code   RO         1309    i.Init_basetim      timer.o
    0x00008d7c   0x00008d7c   0x0000002c   Code   RO          747    i.IsTaskRunning     task_manage.o
    0x00008da8   0x00008da8   0x000000b8   Code   RO         1356    i.Judge_Direction   irda_device.o
    0x00008e60   0x00008e60   0x00000002   Code   RO          912    i.LFDET_IRQHandler  interrupt.o
    0x00008e62   0x00008e62   0x00000002   PAD
    0x00008e64   0x00008e64   0x00000088   Code   RO         1653    i.LL_ADC_CommonInit  fm33lc0xx_ll_adc.o
    0x00008eec   0x00008eec   0x00000210   Code   RO         1656    i.LL_ADC_Init       fm33lc0xx_ll_adc.o
    0x000090fc   0x000090fc   0x0000009c   Code   RO         1883    i.LL_BSTIM_Init     fm33lc0xx_ll_bstim.o
    0x00009198   0x00009198   0x000000d0   Code   RO         1956    i.LL_CRC_Init       fm33lc0xx_ll_crc.o
    0x00009268   0x00009268   0x000001ac   Code   RO         1991    i.LL_DMA_Init       fm33lc0xx_ll_dma.o
    0x00009414   0x00009414   0x00000012   Code   RO          913    i.LL_EXTI_IsActiveFlag  interrupt.o
    0x00009426   0x00009426   0x00000014   Code   RO         1357    i.LL_EXTI_SetTrigEdge  irda_device.o
    0x0000943a   0x0000943a   0x00000002   PAD
    0x0000943c   0x0000943c   0x000000d4   Code   RO         2034    i.LL_FLASH_PageErase  fm33lc0xx_ll_flash.o
    0x00009510   0x00009510   0x0000002c   Code   RO          868    i.LL_FLASH_Program_String  flash.o
    0x0000953c   0x0000953c   0x000000c4   Code   RO         2037    i.LL_FLASH_Program_Word  fm33lc0xx_ll_flash.o
    0x00009600   0x00009600   0x00000012   Code   RO         2039    i.LL_FLASH_StartErase  fm33lc0xx_ll_flash.o
    0x00009612   0x00009612   0x00000012   Code   RO         2040    i.LL_FLASH_StartProgram  fm33lc0xx_ll_flash.o
    0x00009624   0x00009624   0x00000084   Code   RO         2112    i.LL_GPIO_ALLPIN_LPM_MODE  fm33lc0xx_ll_gpio.o
    0x000096a8   0x000096a8   0x000000f8   Code   RO         2114    i.LL_GPIO_Init      fm33lc0xx_ll_gpio.o
    0x000097a0   0x000097a0   0x00000014   Code   RO         1227    i.LL_GPIO_SetPinMode  drv_nbmodule.o
    0x000097b4   0x000097b4   0x00000018   Code   RO         2115    i.LL_GPIO_StructInit  fm33lc0xx_ll_gpio.o
    0x000097cc   0x000097cc   0x00000074   Code   RO         2351    i.LL_IWDT_Init      fm33lc0xx_ll_iwdt.o
    0x00009840   0x00009840   0x00000188   Code   RO         2498    i.LL_LPUART_Init    fm33lc0xx_ll_lpuart.o
    0x000099c8   0x000099c8   0x000000b8   Code   RO         2571    i.LL_PMU_Sleep_Init  fm33lc0xx_ll_pmu.o
    0x00009a80   0x00009a80   0x00000010   Code   RO         1658    i.LL_RCC_DisableResetAPB2Peripheral  fm33lc0xx_ll_adc.o
    0x00009a90   0x00009a90   0x00000010   Code   RO         1659    i.LL_RCC_EnableResetAPB2Peripheral  fm33lc0xx_ll_adc.o
    0x00009aa0   0x00009aa0   0x00000044   Code   RO         2605    i.LL_RCC_GetAHBClockFreq  fm33lc0xx_ll_rcc.o
    0x00009ae4   0x00009ae4   0x00000044   Code   RO         2606    i.LL_RCC_GetAPB1ClockFreq  fm33lc0xx_ll_rcc.o
    0x00009b28   0x00009b28   0x00000044   Code   RO         2607    i.LL_RCC_GetAPB2ClockFreq  fm33lc0xx_ll_rcc.o
    0x00009b6c   0x00009b6c   0x00000068   Code   RO         2608    i.LL_RCC_GetPLLClockFreq  fm33lc0xx_ll_rcc.o
    0x00009bd4   0x00009bd4   0x0000003c   Code   RO         2609    i.LL_RCC_GetRC4MClockFreq  fm33lc0xx_ll_rcc.o
    0x00009c10   0x00009c10   0x00000034   Code   RO         2610    i.LL_RCC_GetRCHFClockFreq  fm33lc0xx_ll_rcc.o
    0x00009c44   0x00009c44   0x0000004c   Code   RO         2611    i.LL_RCC_GetSystemClockFreq  fm33lc0xx_ll_rcc.o
    0x00009c90   0x00009c90   0x00000020   Code   RO         2612    i.LL_RCC_GetUSBClockFreqToSysclk  fm33lc0xx_ll_rcc.o
    0x00009cb0   0x00009cb0   0x00000010   Code   RO         2041    i.LL_RCC_Group2_DisableOperationClock  fm33lc0xx_ll_flash.o
    0x00009cc0   0x00009cc0   0x00000010   Code   RO         2042    i.LL_RCC_Group2_EnableBusClock  fm33lc0xx_ll_flash.o
    0x00009cd0   0x00009cd0   0x00000010   Code   RO         2043    i.LL_RCC_Group2_EnableOperationClock  fm33lc0xx_ll_flash.o
    0x00009ce0   0x00009ce0   0x00000010   Code   RO         2879    i.LL_RCC_Group3_EnableBusClock  fm33lc0xx_ll_uart.o
    0x00009cf0   0x00009cf0   0x00000014   Code   RO         1358    i.LL_RCC_SetADCPrescaler  irda_device.o
    0x00009d04   0x00009d04   0x00000014   Code   RO         1117    i.LL_RCC_SetRCHFFrequency  user_init.o
    0x00009d18   0x00009d18   0x00000014   Code   RO         1118    i.LL_RCC_SetRCHFTrimValue  user_init.o
    0x00009d2c   0x00009d2c   0x00000068   Code   RO         2720    i.LL_RTC_ConfigTime  fm33lc0xx_ll_rtc.o
    0x00009d94   0x00009d94   0x00000024   Code   RO         2723    i.LL_RTC_Init       fm33lc0xx_ll_rtc.o
    0x00009db8   0x00009db8   0x00000118   Code   RO         2806    i.LL_SVD_Init       fm33lc0xx_ll_svd.o
    0x00009ed0   0x00009ed0   0x000001c0   Code   RO         2883    i.LL_UART_Init      fm33lc0xx_ll_uart.o
    0x0000a090   0x0000a090   0x0000000c   Code   RO          914    i.LPTIM_IRQHandler  interrupt.o
    0x0000a09c   0x0000a09c   0x00000028   Code   RO         1470    i.LPUART0_IRQHandler  lpuart.o
    0x0000a0c4   0x0000a0c4   0x00000054   Code   RO         1471    i.LPUART1_IRQHandler  lpuart.o
    0x0000a118   0x0000a118   0x000000f0   Code   RO         1472    i.LPUART_Init       lpuart.o
    0x0000a208   0x0000a208   0x0000002c   Code   RO         3013    i.MF_Clock_Init     mf_config.o
    0x0000a234   0x0000a234   0x00000024   Code   RO         3014    i.MF_Config_Init    mf_config.o
    0x0000a258   0x0000a258   0x00000002   Code   RO         3015    i.MF_SystemClock_Config  mf_config.o
    0x0000a25a   0x0000a25a   0x00000002   PAD
    0x0000a25c   0x0000a25c   0x00000018   Code   RO          473    i.MidNightTask      task_user.o
    0x0000a274   0x0000a274   0x0000022c   Code   RO         1228    i.Module_Power_manage  drv_nbmodule.o
    0x0000a4a0   0x0000a4a0   0x00000030   Code   RO         1229    i.NBDeviceOverTime  drv_nbmodule.o
    0x0000a4d0   0x0000a4d0   0x00000038   Code   RO         1230    i.NB_Module_VBAT    drv_nbmodule.o
    0x0000a508   0x0000a508   0x00000010   Code   RO            5    i.NMI_Handler       main.o
    0x0000a518   0x0000a518   0x00000018   Code   RO          986    i.NVIC_DisableIRQ   uart.o
    0x0000a530   0x0000a530   0x00000018   Code   RO         1473    i.NVIC_DisableIRQ   lpuart.o
    0x0000a548   0x0000a548   0x00000018   Code   RO          987    i.NVIC_EnableIRQ    uart.o
    0x0000a560   0x0000a560   0x00000018   Code   RO         1474    i.NVIC_EnableIRQ    lpuart.o
    0x0000a578   0x0000a578   0x00000044   Code   RO          988    i.NVIC_SetPriority  uart.o
    0x0000a5bc   0x0000a5bc   0x00000044   Code   RO         1475    i.NVIC_SetPriority  lpuart.o
    0x0000a600   0x0000a600   0x00000064   Code   RO          417    i.Power_Check       power_manage.o
    0x0000a664   0x0000a664   0x000000d0   Code   RO          654    i.Process_Cmd       protocal.o
    0x0000a734   0x0000a734   0x000003fc   Code   RO         1359    i.Prossce_Votage    irda_device.o
    0x0000ab30   0x0000ab30   0x000001c4   Code   RO          655    i.Protocal_Analyze  protocal.o
    0x0000acf4   0x0000acf4   0x0000003c   Code   RO         1172    i.RTC_GetTime       drv_rtc.o
    0x0000ad30   0x0000ad30   0x0000003c   Code   RO         1173    i.RTC_IRQHandler    drv_rtc.o
    0x0000ad6c   0x0000ad6c   0x00000070   Code   RO         1174    i.RTC_Init          drv_rtc.o
    0x0000addc   0x0000addc   0x00000084   Code   RO         1175    i.RTC_SetTime       drv_rtc.o
    0x0000ae60   0x0000ae60   0x000000b8   Code   RO          474    i.RTC_minCheck      task_user.o
    0x0000af18   0x0000af18   0x000000b4   Code   RO          989    i.RecvDataFromBuff  uart.o
    0x0000afcc   0x0000afcc   0x00000078   Code   RO          915    i.SVD_IRQHandler    interrupt.o
    0x0000b044   0x0000b044   0x0000005c   Code   RO          532    i.Save_Parame       app_process.o
    0x0000b0a0   0x0000b0a0   0x00000070   Code   RO          533    i.Save_Temprature   app_process.o
    0x0000b110   0x0000b110   0x00000010   Code   RO          475    i.Scanning          task_user.o
    0x0000b120   0x0000b120   0x0000005c   Code   RO          253    i.SendDataToSevice  up_comming.o
    0x0000b17c   0x0000b17c   0x000000a0   Code   RO          656    i.SetParam          protocal.o
    0x0000b21c   0x0000b21c   0x000000a0   Code   RO          534    i.Set_Freeze_Pread  app_process.o
    0x0000b2bc   0x0000b2bc   0x000000f4   Code   RO          535    i.Set_Temprature_Pread  app_process.o
    0x0000b3b0   0x0000b3b0   0x00000018   Code   RO          254    i.Set_UpProcess_UpState  up_comming.o
    0x0000b3c8   0x0000b3c8   0x00000078   Code   RO          657    i.Set_Upgrade_Paramer  protocal.o
    0x0000b440   0x0000b440   0x00000054   Code   RO          255    i.StartUp           up_comming.o
    0x0000b494   0x0000b494   0x000000a4   Code   RO         2977    i.SystemInit        system_fm33lc0xx.o
    0x0000b538   0x0000b538   0x00000054   Code   RO          916    i.UART0_IRQHandler  interrupt.o
    0x0000b58c   0x0000b58c   0x00000040   Code   RO          917    i.UART1_IRQHandler  interrupt.o
    0x0000b5cc   0x0000b5cc   0x00000038   Code   RO          990    i.Uart0Overtime     uart.o
    0x0000b604   0x0000b604   0x00000038   Code   RO          991    i.Uart0SendData     uart.o
    0x0000b63c   0x0000b63c   0x00000038   Code   RO          992    i.Uart1SendData     uart.o
    0x0000b674   0x0000b674   0x00000124   Code   RO          995    i.Uartx_Init        uart.o
    0x0000b798   0x0000b798   0x00000098   Code   RO          996    i.Uartx_close       uart.o
    0x0000b830   0x0000b830   0x00000008   Code   RO          997    i.Uartx_open        uart.o
    0x0000b838   0x0000b838   0x00000088   Code   RO          256    i.UpComing_Process_Overtime  up_comming.o
    0x0000b8c0   0x0000b8c0   0x00000064   Code   RO         1119    i.UserInit          user_init.o
    0x0000b924   0x0000b924   0x0000003c   Code   RO          536    i.Write_Freeze_Pdata  app_process.o
    0x0000b960   0x0000b960   0x000001a8   Code   RO          537    i.Write_Freeze_data  app_process.o
    0x0000bb08   0x0000bb08   0x00000030   Code   RO         1159    i.__ARM_common_ll_muluu  user_init.o
    0x0000bb38   0x0000bb38   0x0000001a   Code   RO          315    i.__ARM_common_switch8  up_comming.o
    0x0000bb52   0x0000bb52   0x00000002   PAD
    0x0000bb54   0x0000bb54   0x0000002c   Code   RO         3353    i.__ARM_fpclassify  m_ps.l(fpclassify.o)
    0x0000bb80   0x0000bb80   0x0000000e   Code   RO         3125    i._is_digit         c_p.l(__printf_wp.o)
    0x0000bb8e   0x0000bb8e   0x00000058   Code   RO          869    i.bin_search        flash.o
    0x0000bbe6   0x0000bbe6   0x00000002   PAD
    0x0000bbe8   0x0000bbe8   0x00000028   Code   RO          257    i.calculate_uptime  up_comming.o
    0x0000bc10   0x0000bc10   0x00000024   Code   RO         1231    i.clear_allstate    drv_nbmodule.o
    0x0000bc34   0x0000bc34   0x000000dc   Code   RO         1600    i.gmtime            general.o
    0x0000bd10   0x0000bd10   0x00000028   Code   RO         1601    i.isLeapYear        general.o
    0x0000bd38   0x0000bd38   0x00000064   Code   RO            6    i.main              main.o
    0x0000bd9c   0x0000bd9c   0x00000026   Code   RO          658    i.mamual_timing     protocal.o
    0x0000bdc2   0x0000bdc2   0x00000002   PAD
    0x0000bdc4   0x0000bdc4   0x00000070   Code   RO         1602    i.mktime            general.o
    0x0000be34   0x0000be34   0x00000046   Code   RO         1603    i.mktime_BCD        general.o
    0x0000be7a   0x0000be7a   0x0000002e   Code   RO          870    i.order_search      flash.o
    0x0000bea8   0x0000bea8   0x0000002c   Code   RO          998    i.print             uart.o
    0x0000bed4   0x0000bed4   0x00000010   Code   RO            7    i.running           main.o
    0x0000bee4   0x0000bee4   0x00000034   Code   RO          748    i.task_1000Mstimer  task_manage.o
    0x0000bf18   0x0000bf18   0x00000034   Code   RO          749    i.task_Mstimer      task_manage.o
    0x0000bf4c   0x0000bf4c   0x0000005c   Code   RO          751    i.task_reset        task_manage.o
    0x0000bfa8   0x0000bfa8   0x00000044   Code   RO          752    i.task_schedule     task_manage.o
    0x0000bfec   0x0000bfec   0x00000050   Code   RO          753    i.task_start        task_manage.o
    0x0000c03c   0x0000c03c   0x0000005c   Code   RO          754    i.task_stop         task_manage.o
    0x0000c098   0x0000c098   0x0000002c   Code   RO         3337    locale$$code        c_p.l(lc_numeric_c.o)
    0x0000c0c4   0x0000c0c4   0x0000002c   Code   RO         3364    locale$$code        c_p.l(lc_ctype_c.o)
    0x0000c0f0   0x0000c0f0   0x00000010   Code   RO         3276    x$fpl$printf1       fz_ps.l(printf1.o)
    0x0000c100   0x0000c100   0x00000010   Code   RO         3278    x$fpl$printf2       fz_ps.l(printf2.o)
    0x0000c110   0x0000c110   0x00000000   Code   RO         3284    x$fpl$usenofp       fz_ps.l(usenofp.o)
    0x0000c110   0x0000c110   0x00000011   Data   RO         3133    .constdata          c_p.l(__printf_flags_ss_wp.o)
    0x0000c121   0x0000c121   0x00000080   Data   RO         3172    .constdata          fz_ps.l(ddiv.o)
    0x0000c1a1   0x0000c1a1   0x00000003   PAD
    0x0000c1a4   0x0000c1a4   0x00000008   Data   RO         3217    .constdata          c_p.l(_printf_wctomb.o)
    0x0000c1ac   0x0000c1ac   0x00000028   Data   RO         3246    .constdata          c_p.l(_printf_hex_int_ll_ptr.o)
    0x0000c1d4   0x0000c1d4   0x00000026   Data   RO         3309    .constdata          c_p.l(_printf_fp_hex.o)
    0x0000c1fa   0x0000c1fa   0x00000002   PAD
    0x0000c1fc   0x0000c1fc   0x00000094   Data   RO         3332    .constdata          c_p.l(bigflt0.o)
    0x0000c290   0x0000c290   0x00000020   Data   RO         3488    Region$$Table       anon$$obj.o
    0x0000c2b0   0x0000c2b0   0x0000001c   Data   RO         3336    locale$$data        c_p.l(lc_numeric_c.o)
    0x0000c2cc   0x0000c2cc   0x00000110   Data   RO         3363    locale$$data        c_p.l(lc_ctype_c.o)


    Execution Region RW_IRAM1 (Exec base: 0x20000000, Load base: 0x0000c3dc, Size: 0x00001bd8, Max: 0x00004000, ABSOLUTE, COMPRESSED[0x0000006c])

    Exec Addr    Load Addr    Size         Type   Attr      Idx    E Section Name        Object

    0x20000000   COMPRESSED   0x00000118   Data   RW          258    .data               up_comming.o
    0x20000118   COMPRESSED   0x0000005c   Data   RW          259    .data               up_comming.o
    0x20000174   COMPRESSED   0x00000001   Data   RW          420    .data               power_manage.o
    0x20000175   COMPRESSED   0x00000005   Data   RW          476    .data               task_user.o
    0x2000017a   COMPRESSED   0x00000002   Data   RW          539    .data               app_process.o
    0x2000017c   COMPRESSED   0x00000098   Data   RW          540    .data               app_process.o
    0x20000214   COMPRESSED   0x00000004   Data   RW          660    .data               protocal.o
    0x20000218   COMPRESSED   0x00000004   Data   RW         1120    .data               user_init.o
    0x2000021c   COMPRESSED   0x00000006   Data   RW         1176    .data               drv_rtc.o
    0x20000222   COMPRESSED   0x00000004   Data   RW         1233    .data               drv_nbmodule.o
    0x20000226   COMPRESSED   0x00000002   PAD
    0x20000228   COMPRESSED   0x00000004   Data   RW         1362    .data               irda_device.o
    0x2000022c        -       0x0000000c   Zero   RW          659    .bss                protocal.o
    0x20000238        -       0x000001ef   Zero   RW          755    .bss                task_manage.o
    0x20000427   COMPRESSED   0x00000001   PAD
    0x20000428        -       0x00000132   Zero   RW          999    .bss                uart.o
    0x2000055a        -       0x0000025e   Zero   RW         1000    .bss                uart.o
    0x200007b8        -       0x00000168   Zero   RW         1001    .bss                uart.o
    0x20000920        -       0x00000098   Zero   RW         1232    .bss                drv_nbmodule.o
    0x200009b8        -       0x000001be   Zero   RW         1361    .bss                irda_device.o
    0x20000b76   COMPRESSED   0x00000002   PAD
    0x20000b78        -       0x00000060   Zero   RW         3356    .bss                c_p.l(libspace.o)
    0x20000bd8        -       0x00000800   Zero   RW         3004    HEAP                startup_fm33lc0xx.o
    0x200013d8        -       0x00000800   Zero   RW         3003    STACK               startup_fm33lc0xx.o


==============================================================================

Image component sizes


      Code (inc. data)   RO Data    RW Data    ZI Data      Debug   Object Name

      1832        266          0        154          0      43369   app_process.o
       164         22          0          0          0      13419   bsp.o
       116         16          0          0          0       4511   crc.o
      3386       1178          0          4        152      21296   drv_nbmodule.o
       364         28          0          6          0      17295   drv_rtc.o
       298         14          0          0          0       4364   flash.o
       696         34          0          0          0      41046   fm33lc0xx_ll_adc.o
         0          0          0          0          0      18708   fm33lc0xx_ll_aes.o
       156         12          0          0          0      23300   fm33lc0xx_ll_bstim.o
       208          8          0          0          0       5302   fm33lc0xx_ll_crc.o
       428          8          0          0          0      28086   fm33lc0xx_ll_dma.o
       492         66          0          0          0      32421   fm33lc0xx_ll_flash.o
       404         32          0          0          0      34158   fm33lc0xx_ll_gpio.o
       116         16          0          0          0       3607   fm33lc0xx_ll_iwdt.o
       392         40          0          0          0      28293   fm33lc0xx_ll_lpuart.o
       184         10          0          0          0       7584   fm33lc0xx_ll_pmu.o
       528        106          0          0          0      25167   fm33lc0xx_ll_rcc.o
       140         16          0          0          0       8762   fm33lc0xx_ll_rtc.o
       280         10          0          0          0       8382   fm33lc0xx_ll_svd.o
       464         26          0          0          0      29091   fm33lc0xx_ll_uart.o
       556         26          0          0          0       4170   general.o
       424         92          0          0          0      36511   interrupt.o
      2576        330          0          4        446      62871   irda_device.o
       480         52          0          0          0      10120   lpuart.o
       172         54          0          0          0     125312   main.o
        82         12          0          0          0      26957   mf_config.o
       164         44          0          1          0       6176   power_manage.o
      2004        238          0          4         12      11669   protocal.o
        56         26        192          0       4096        684   startup_fm33lc0xx.o
       164         20          0          0          0        613   system_fm33lc0xx.o
       480         36          0          0        495       5949   task_manage.o
       604        134          0          5          0      15126   task_user.o
       120         20          0          0          0       3866   timer.o
      1082         74          0          0       1272      30264   uart.o
      1330        284          0        372          0     100661   up_comming.o
       280         46          0          4          0      21509   user_init.o

    ----------------------------------------------------------------------
     21242       3396        224        556       6476     860619   Object Totals
         0          0         32          0          0          0   (incl. Generated)
        20          0          0          2          3          0   (incl. Padding)

    ----------------------------------------------------------------------

      Code (inc. data)   RO Data    RW Data    ZI Data      Debug   Library Member Name

        64         10          0          0          0         84   __0sscanf.o
        44          4          0          0          0         84   __2sprintf.o
        86          0          0          0          0          0   __dczerorl2.o
         8          0          0          0          0         68   __main.o
       392          6         17          0          0         76   __printf_flags_ss_wp.o
        14          0          0          0          0         60   __printf_wp.o
         0          0          0          0          0          0   __rtentry.o
        12          0          0          0          0          0   __rtentry2.o
         6          0          0          0          0          0   __rtentry4.o
        60          8          0          0          0          0   __scatter.o
        28          0          0          0          0          0   __scatter_zi.o
        30          0          0          0          0         60   _chval.o
        10          0          0          0          0          0   _printf_a.o
        10          0          0          0          0          0   _printf_c.o
        46          0          0          0          0        100   _printf_char.o
        48          6          0          0          0         88   _printf_char_common.o
        38          0          0          0          0         60   _printf_charcount.o
        10          0          0          0          0          0   _printf_d.o
       108         18          0          0          0         76   _printf_dec.o
        10          0          0          0          0          0   _printf_e.o
        10          0          0          0          0          0   _printf_f.o
      1048         14          0          0          0        176   _printf_fp_dec.o
       728         10         38          0          0         84   _printf_fp_hex.o
       136         16          0          0          0         76   _printf_fp_infnan.o
        10          0          0          0          0          0   _printf_g.o
       152          4         40          0          0        148   _printf_hex_int_ll_ptr.o
        10          0          0          0          0          0   _printf_i.o
       176          0          0          0          0         84   _printf_intcommon.o
        10          0          0          0          0          0   _printf_l.o
        10          0          0          0          0          0   _printf_lc.o
        10          0          0          0          0          0   _printf_ll.o
        10          0          0          0          0          0   _printf_lld.o
        10          0          0          0          0          0   _printf_lli.o
        10          0          0          0          0          0   _printf_llo.o
        10          0          0          0          0          0   _printf_llu.o
        10          0          0          0          0          0   _printf_llx.o
       112         18          0          0          0         76   _printf_longlong_dec.o
        10          0          0          0          0          0   _printf_ls.o
        10          0          0          0          0          0   _printf_n.o
        10          0          0          0          0          0   _printf_o.o
       112         10          0          0          0        112   _printf_oct_int_ll.o
        10          0          0          0          0          0   _printf_p.o
        78          0          0          0          0        100   _printf_pad.o
         2          0          0          0          0          0   _printf_percent.o
         4          0          0          0          0          0   _printf_percent_end.o
        10          0          0          0          0          0   _printf_s.o
        82          0          0          0          0         72   _printf_str.o
        36          0          0          0          0         76   _printf_truncate.o
        10          0          0          0          0          0   _printf_u.o
        46          0          0          0          0        100   _printf_wchar.o
       188          6          8          0          0         80   _printf_wctomb.o
        10          0          0          0          0          0   _printf_x.o
       896         16          0          0          0         84   _scanf.o
       330          0          0          0          0         84   _scanf_int.o
       232          0          0          0          0         84   _scanf_str.o
        68          0          0          0          0         76   _sgetc.o
        16          0          0          0          0         60   _snputc.o
        10          0          0          0          0         60   _sputc.o
        64          0          0          0          0         72   _wcrtomb.o
       346          0          0          0          0         92   aeabi_sdiv.o
       216          6        148          0          0         80   bigflt0.o
      1408         30          0          0          0        260   btod.o
        16          0          0          0          0         68   exit.o
         6          0          0          0          0        136   heapauxi.o
         0          0          0          0          0          0   indicate_semi.o
        18          0          0          0          0         68   isspace.o
        44         10        272          0          0         76   lc_ctype_c.o
        44         10         28          0          0         76   lc_numeric_c.o
         2          0          0          0          0          0   libinit.o
        30          0          0          0          0          0   libinit2.o
         2          0          0          0          0          0   libshutdown.o
         2          0          0          0          0          0   libshutdown2.o
         8          4          0          0         96         68   libspace.o
        48          0          0          0          0         72   llmul.o
       258          0          0          0          0         88   lludiv.o
       122          0          0          0          0         72   lludiv10.o
        90          0          0          0          0         68   memcmp.o
        16          4          0          0          0         76   rt_ctype_table.o
         8          4          0          0          0         68   rt_locale_intlibspace.o
        64          0          0          0          0        108   rt_memclr.o
       186          0          0          0          0        144   rt_memcpy.o
         2          0          0          0          0          0   rtexit.o
        10          0          0          0          0          0   rtexit2.o
        40          0          0          0          0         60   rtudiv10.o
        48          8          0          0          0         84   scanf_char.o
       136          4          0          0          0         72   strcmp.o
        68          6          0          0          0         72   strlen.o
        12          4          0          0          0         60   sys_exit.o
        62          0          0          0          0         80   sys_stackheap_outer.o
        34          0          0          0          0         60   uread4.o
         2          0          0          0          0         68   use_no_semi.o
        16          0          0          0          0         60   uwrite4.o
        56          6          0          0          0         72   vsnprintf.o
       124          4          0          0          0         72   d2f.o
       856         20          0          0          0        208   daddsub.o
      1096         26        128          0          0        112   ddiv.o
        88          0          0          0          0         92   dflti.o
       132          4          0          0          0        100   dfltl.o
        84          4          0          0          0         60   f2d.o
        16          4          0          0          0         76   printf1.o
        16          4          0          0          0         76   printf2.o
         0          0          0          0          0          0   usenofp.o
        44          4          0          0          0         60   fpclassify.o

    ----------------------------------------------------------------------
     11606        312        684          0         96       5624   Library Totals
        10          0          5          0          0          0   (incl. Padding)

    ----------------------------------------------------------------------

      Code (inc. data)   RO Data    RW Data    ZI Data      Debug   Library Name

      9140        242        551          0         96       4768   c_p.l
      2412         66        128          0          0        796   fz_ps.l
        44          4          0          0          0         60   m_ps.l

    ----------------------------------------------------------------------
     11606        312        684          0         96       5624   Library Totals

    ----------------------------------------------------------------------

==============================================================================


      Code (inc. data)   RO Data    RW Data    ZI Data      Debug   

     32848       3708        908        556       6572     856059   Grand Totals
     32848       3708        908        108       6572     856059   ELF Image Totals (compressed)
     32848       3708        908        108          0          0   ROM Totals

==============================================================================

    Total RO  Size (Code + RO Data)                33756 (  32.96kB)
    Total RW  Size (RW Data + ZI Data)              7128 (   6.96kB)
    Total ROM Size (Code + RO Data + RW Data)      33864 (  33.07kB)

==============================================================================

